Per-NIC bandwidth trace: /data/commit/graphit/wangyj05/workspace/ns-3-alibabacloud/simulation/build/scratch/../../scratch/logs/host_nic_bw_sweep_mini_1gpu_1nic_ack_all_1MB.csv (every 1000 ns, 4 NICs)
Topology: mini_1g1n (4 GPUs, 4 switches, 0 host switches)
NIC selection: schedule-pinned (one qp per connection)
Network flow ids: on (custom headers + per-flow switch forwarding)
Network deps (netdepid/netdeps): honored
Algorithm XML: /data/commit/graphit/wangyj05/workspace/ns-3-alibabacloud/simulation/build/scratch/../../scratch/xml_input/mini_1g1n_a2a.xml
Switch queue trace: /data/commit/graphit/wangyj05/workspace/ns-3-alibabacloud/simulation/build/scratch/../../scratch/logs/switch_qlen_sweep_mini_1gpu_1nic_ack_all_1MB.csv
Switch peak-queue summary: /data/commit/graphit/wangyj05/workspace/ns-3-alibabacloud/simulation/build/scratch/../../scratch/logs/switch_qlen_max_sweep_mini_1gpu_1nic_ack_all_1MB.csv
Switch drop/PFC trace: /data/commit/graphit/wangyj05/workspace/ns-3-alibabacloud/simulation/build/scratch/../../scratch/logs/switch_events_sweep_mini_1gpu_1nic_ack_all_1MB.csv
Total simulated time: 353537 nanoseconds
Simulator end (last event of any kind): 357000 nanoseconds
Switch port utilization: /data/commit/graphit/wangyj05/workspace/ns-3-alibabacloud/simulation/build/scratch/../../scratch/logs/switch_port_util_sweep_mini_1gpu_1nic_ack_all_1MB.csv
Fabric end (last switch data dequeue): 352505 ns
Switch-to-switch data bytes over 8 ports: min 2125824 / mean 2125824 / max 2125824 (max/mean 1)
Busiest switch port: sw 4 port 2 -> node 6, 340131 ns of data at line rate (96.4899% of fabric end)
Flow-forwarding rule coverage: 7168 hit / 0 miss (100% of flow-id packets steered by the schedule)
Pacing diagnostic (MSCCL XML "rate" -> host shaper)
  messages posted: 20  with a rate: 20 (100.0%)  without: 0
    of those, one MTU or less (shaped only by the gap after): 0 (0.0%)
    requested rate, byte-weighted mean: 30.0 Gbps over 12.0 MB
  packets paced: 3072 (12.2 MB), gap set by:
    the message's cap:      3072 (100.0%), 12.2 MB, applied cap 30.0 Gbps
    cc rate (cap slack):    0 (0.0%)
    cc rate (no cap):       0 (0.0%)
    cc rate (message tail): 0 (0.0%)
  bytes shaped by the XML rate: 12.2 of 12.2 MB (100.0%)
Ack requests (AckReq) over 3072 data packets: 20 closing a message, 0 filling the window (0.00% of packets)
alltoall algorithm bandwidth: 47.4553 GB/s
Algorithm XML: honoring 8 network dependence(s) over 20 send step(s).
Switch JSON: pinned the scheduled egress NIC on 20 RDMA connection(s); 0 left unpinned due to conflicting plane assignments.
Skipping correctness check.
Done simulation
