Per-NIC bandwidth trace: /data/commit/graphit/wangyj05/workspace/ns-3-alibabacloud/simulation/build/scratch/../../scratch/logs/host_nic_bw_sweep_mini_1gpu_1nic_ack_p2p+sync_256MB.csv (every 200000 ns, 4 NICs)
Topology: mini_1g1n (4 GPUs, 4 switches, 0 host switches)
NIC selection: merged NIC (one qp per NIC, message split across them)
Network flow ids: off (no header on the wire, plain ECMP)
Network deps (netdepid/netdeps): skipped
Algorithm XML: /data/commit/graphit/wangyj05/workspace/ns-3-alibabacloud/simulation/build/scratch/../../scratch/xml_input/mini_1g1n_a2a_p2p_no_rate.xml
Switch queue trace: (rows off)
Switch peak-queue summary: /data/commit/graphit/wangyj05/workspace/ns-3-alibabacloud/simulation/build/scratch/../../scratch/logs/switch_qlen_max_sweep_mini_1gpu_1nic_ack_p2p+sync_256MB.csv
Switch drop/PFC trace: /data/commit/graphit/wangyj05/workspace/ns-3-alibabacloud/simulation/build/scratch/../../scratch/logs/switch_events_sweep_mini_1gpu_1nic_ack_p2p+sync_256MB.csv
Total simulated time: 130509928 nanoseconds
Simulator end (last event of any kind): 130600000 nanoseconds
Switch port utilization: /data/commit/graphit/wangyj05/workspace/ns-3-alibabacloud/simulation/build/scratch/../../scratch/logs/switch_port_util_sweep_mini_1gpu_1nic_ack_p2p+sync_256MB.csv
Fabric end (last switch data dequeue): 130508897 ns
Switch-to-switch data bytes over 8 ports: min 271843328 / mean 543686656 / max 815529984 (max/mean 1.5)
Busiest switch port: sw 4 port 2 -> node 6, 130484797 ns of data at line rate (99.9815% of fabric end)
Pacing diagnostic (MSCCL XML "rate" -> host shaper)
  messages posted: 1536  with a rate: 0 (0.0%)  without: 1536
  packets paced: 786432 (3111.0 MB), gap set by:
    the message's cap:      0 (0.0%), 0.0 MB
    cc rate (cap slack):    0 (0.0%)
    cc rate (no cap):       785057 (99.8%)
    cc rate (message tail): 1375 (0.2%)
  bytes shaped by the XML rate: 0.0 of 3111.0 MB (0.0%)
Ack requests (AckReq) over 786432 data packets: 1536 closing a message, 57272 filling the window (7.28% of packets)
alltoall algorithm bandwidth: 32.9091 GB/s
Algorithm XML: honoring 0 network dependence(s) over 12 send step(s). NOTE: no netdepid/netdeps found -- every send is released as soon as its data dependences allow, so a time-indexed schedule will not be paced as solved.
Skipping correctness check.
Done simulation
