Per-NIC bandwidth trace: /data/commit/graphit/wangyj05/workspace/ns-3-alibabacloud/simulation/build/scratch/../../scratch/logs/host_nic_bw_sweep_mini_1gpu_1nic_ack_noRate+sync_256MB.csv (every 200000 ns, 4 NICs)
Topology: mini_1g1n (4 GPUs, 4 switches, 0 host switches)
NIC selection: schedule-pinned (one qp per connection)
Network flow ids: on (custom headers + per-flow switch forwarding)
Network deps (netdepid/netdeps): honored
Algorithm XML: /data/commit/graphit/wangyj05/workspace/ns-3-alibabacloud/simulation/build/scratch/../../scratch/xml_input/mini_1g1n_a2a_no_rate.xml
Switch queue trace: (rows off)
Switch peak-queue summary: /data/commit/graphit/wangyj05/workspace/ns-3-alibabacloud/simulation/build/scratch/../../scratch/logs/switch_qlen_max_sweep_mini_1gpu_1nic_ack_noRate+sync_256MB.csv
Switch drop/PFC trace: /data/commit/graphit/wangyj05/workspace/ns-3-alibabacloud/simulation/build/scratch/../../scratch/logs/switch_events_sweep_mini_1gpu_1nic_ack_noRate+sync_256MB.csv
Total simulated time: 107052052 nanoseconds
Simulator end (last event of any kind): 107200000 nanoseconds
Switch port utilization: /data/commit/graphit/wangyj05/workspace/ns-3-alibabacloud/simulation/build/scratch/../../scratch/logs/switch_port_util_sweep_mini_1gpu_1nic_ack_noRate+sync_256MB.csv
Fabric end (last switch data dequeue): 107051020 ns
Switch-to-switch data bytes over 8 ports: min 544210944 / mean 544210944 / max 544210944 (max/mean 1)
Busiest switch port: sw 4 port 2 -> node 6, 87073751 ns of data at line rate (81.3386% of fabric end)
Flow-forwarding rule coverage: 1835008 hit / 0 miss (100% of flow-id packets steered by the schedule)
Pacing diagnostic (MSCCL XML "rate" -> host shaper)
  messages posted: 1536  with a rate: 0 (0.0%)  without: 1536
  packets paced: 786432 (3114.0 MB), gap set by:
    the message's cap:      0 (0.0%), 0.0 MB
    cc rate (cap slack):    0 (0.0%)
    cc rate (no cap):       785152 (99.8%)
    cc rate (message tail): 1280 (0.2%)
  bytes shaped by the XML rate: 0.0 of 3114.0 MB (0.0%)
Ack requests (AckReq) over 786432 data packets: 1536 closing a message, 76196 filling the window (9.69% of packets)
alltoall algorithm bandwidth: 40.1204 GB/s
Algorithm XML: honoring 8 network dependence(s) over 20 send step(s).
Switch JSON: pinned the scheduled egress NIC on 20 RDMA connection(s); 0 left unpinned due to conflicting plane assignments.
Skipping correctness check.
Done simulation
