Per-NIC bandwidth trace: /data/commit/graphit/wangyj05/workspace/ns-3-alibabacloud/simulation/build/scratch/../../scratch/logs/host_nic_bw_sweep_mini_1gpu_1nic_ack_milp+sync_64MB.csv (every 50000 ns, 4 NICs)
Topology: mini_1g1n (4 GPUs, 4 switches, 0 host switches)
NIC selection: merged NIC (one qp per NIC, message split across them)
Network flow ids: off (no header on the wire, plain ECMP)
Network deps (netdepid/netdeps): skipped
Algorithm XML: /data/commit/graphit/wangyj05/workspace/ns-3-alibabacloud/simulation/build/scratch/../../scratch/xml_input/mini_1g1n_a2a_milp_no_rate.xml
Switch queue trace: (rows off)
Switch peak-queue summary: /data/commit/graphit/wangyj05/workspace/ns-3-alibabacloud/simulation/build/scratch/../../scratch/logs/switch_qlen_max_sweep_mini_1gpu_1nic_ack_milp+sync_64MB.csv
Switch drop/PFC trace: /data/commit/graphit/wangyj05/workspace/ns-3-alibabacloud/simulation/build/scratch/../../scratch/logs/switch_events_sweep_mini_1gpu_1nic_ack_milp+sync_64MB.csv
Total simulated time: 32654507 nanoseconds
Simulator end (last event of any kind): 32700000 nanoseconds
Switch port utilization: /data/commit/graphit/wangyj05/workspace/ns-3-alibabacloud/simulation/build/scratch/../../scratch/logs/switch_port_util_sweep_mini_1gpu_1nic_ack_milp+sync_64MB.csv
Fabric end (last switch data dequeue): 32653476 ns
Switch-to-switch data bytes over 8 ports: min 67960832 / mean 135921664 / max 203882496 (max/mean 1.5)
Busiest switch port: sw 4 port 2 -> node 6, 32621199 ns of data at line rate (99.9012% of fabric end)
Pacing diagnostic (MSCCL XML "rate" -> host shaper)
  messages posted: 384  with a rate: 0 (0.0%)  without: 384
  packets paced: 196608 (777.8 MB), gap set by:
    the message's cap:      0 (0.0%), 0.0 MB
    cc rate (cap slack):    0 (0.0%)
    cc rate (no cap):       196224 (99.8%)
    cc rate (message tail): 384 (0.2%)
  bytes shaped by the XML rate: 0.0 of 777.8 MB (0.0%)
Ack requests (AckReq) over 196608 data packets: 384 closing a message, 16695 filling the window (8.49% of packets)
alltoall algorithm bandwidth: 32.8819 GB/s
Algorithm XML: honoring 4 network dependence(s) over 12 send step(s).
Skipping correctness check.
Done simulation
