Per-NIC bandwidth trace: /data/commit/graphit/wangyj05/workspace/ns-3-alibabacloud/simulation/build/scratch/../../scratch/logs/host_nic_bw_sweep_mini_1gpu_1nic_ack_p2p_4GB.csv (every 5000000 ns, 4 NICs)
Topology: mini_1g1n (4 GPUs, 4 switches, 0 host switches)
NIC selection: merged NIC (one qp per NIC, message split across them)
Network flow ids: off (no header on the wire, plain ECMP)
Network deps (netdepid/netdeps): skipped
Algorithm XML: /data/commit/graphit/wangyj05/workspace/ns-3-alibabacloud/simulation/build/scratch/../../scratch/xml_input/mini_1g1n_a2a_p2p_no_rate.xml
Switch queue trace: (rows off)
Switch peak-queue summary: /data/commit/graphit/wangyj05/workspace/ns-3-alibabacloud/simulation/build/scratch/../../scratch/logs/switch_qlen_max_sweep_mini_1gpu_1nic_ack_p2p_4GB.csv
Switch drop/PFC trace: /data/commit/graphit/wangyj05/workspace/ns-3-alibabacloud/simulation/build/scratch/../../scratch/logs/switch_events_sweep_mini_1gpu_1nic_ack_p2p_4GB.csv
Total simulated time: 2088764569 nanoseconds
Simulator end (last event of any kind): 2090000000 nanoseconds
Switch port utilization: /data/commit/graphit/wangyj05/workspace/ns-3-alibabacloud/simulation/build/scratch/../../scratch/logs/switch_port_util_sweep_mini_1gpu_1nic_ack_p2p_4GB.csv
Fabric end (last switch data dequeue): 2088763538 ns
Switch-to-switch data bytes over 8 ports: min 4349493248 / mean 8698986496 / max 13048479744 (max/mean 1.5)
Busiest switch port: sw 4 port 2 -> node 6, 2087756759 ns of data at line rate (99.9518% of fabric end)
Pacing diagnostic (MSCCL XML "rate" -> host shaper)
  messages posted: 24576  with a rate: 0 (0.0%)  without: 24576
  packets paced: 12582912 (49776.0 MB), gap set by:
    the message's cap:      0 (0.0%), 0.0 MB
    cc rate (cap slack):    0 (0.0%)
    cc rate (no cap):       12582900 (100.0%)
    cc rate (message tail): 12 (0.0%)
  bytes shaped by the XML rate: 0.0 of 49776.0 MB (0.0%)
Ack requests (AckReq) over 12582912 data packets: 24576 closing a message, 1445348 filling the window (11.49% of packets)
alltoall algorithm bandwidth: 32.8996 GB/s
Algorithm XML: honoring 0 network dependence(s) over 12 send step(s). NOTE: no netdepid/netdeps found -- every send is released as soon as its data dependences allow, so a time-indexed schedule will not be paced as solved.
Skipping correctness check.
Done simulation
