Per-NIC bandwidth trace: /data/commit/graphit/wangyj05/workspace/ns-3-alibabacloud/simulation/build/scratch/../../scratch/logs/host_nic_bw_sweep_mini_1gpu_1nic_ack_all_64MB.csv (every 50000 ns, 4 NICs)
Topology: mini_1g1n (4 GPUs, 4 switches, 0 host switches)
NIC selection: schedule-pinned (one qp per connection)
Network flow ids: on (custom headers + per-flow switch forwarding)
Network deps (netdepid/netdeps): honored
Algorithm XML: /data/commit/graphit/wangyj05/workspace/ns-3-alibabacloud/simulation/build/scratch/../../scratch/xml_input/mini_1g1n_a2a.xml
Switch queue trace: (rows off)
Switch peak-queue summary: /data/commit/graphit/wangyj05/workspace/ns-3-alibabacloud/simulation/build/scratch/../../scratch/logs/switch_qlen_max_sweep_mini_1gpu_1nic_ack_all_64MB.csv
Switch drop/PFC trace: /data/commit/graphit/wangyj05/workspace/ns-3-alibabacloud/simulation/build/scratch/../../scratch/logs/switch_events_sweep_mini_1gpu_1nic_ack_all_64MB.csv
Total simulated time: 21828813 nanoseconds
Simulator end (last event of any kind): 21850000 nanoseconds
Switch port utilization: /data/commit/graphit/wangyj05/workspace/ns-3-alibabacloud/simulation/build/scratch/../../scratch/logs/switch_port_util_sweep_mini_1gpu_1nic_ack_all_64MB.csv
Fabric end (last switch data dequeue): 21827781 ns
Switch-to-switch data bytes over 8 ports: min 136052736 / mean 136052736 / max 136052736 (max/mean 1)
Busiest switch port: sw 4 port 2 -> node 6, 21768437 ns of data at line rate (99.7281% of fabric end)
Flow-forwarding rule coverage: 458752 hit / 0 miss (100% of flow-id packets steered by the schedule)
Pacing diagnostic (MSCCL XML "rate" -> host shaper)
  messages posted: 384  with a rate: 384 (100.0%)  without: 0
    of those, one MTU or less (shaped only by the gap after): 0 (0.0%)
    requested rate, byte-weighted mean: 30.0 Gbps over 768.0 MB
  packets paced: 196608 (778.5 MB), gap set by:
    the message's cap:      196608 (100.0%), 778.5 MB, applied cap 30.0 Gbps
    cc rate (cap slack):    0 (0.0%)
    cc rate (no cap):       0 (0.0%)
    cc rate (message tail): 0 (0.0%)
  bytes shaped by the XML rate: 778.5 of 778.5 MB (100.0%)
Ack requests (AckReq) over 196608 data packets: 384 closing a message, 16529 filling the window (8.41% of packets)
alltoall algorithm bandwidth: 49.1892 GB/s
Algorithm XML: honoring 8 network dependence(s) over 20 send step(s).
Switch JSON: pinned the scheduled egress NIC on 20 RDMA connection(s); 0 left unpinned due to conflicting plane assignments.
Skipping correctness check.
Done simulation
