Per-NIC bandwidth trace: /data/commit/graphit/wangyj05/workspace/ns-3-alibabacloud/simulation/build/scratch/../../scratch/logs/host_nic_bw_sweep_mini_1gpu_1nic_ack_all_256MB.csv (every 200000 ns, 4 NICs)
Topology: mini_1g1n (4 GPUs, 4 switches, 0 host switches)
NIC selection: schedule-pinned (one qp per connection)
Network flow ids: on (custom headers + per-flow switch forwarding)
Network deps (netdepid/netdeps): honored
Algorithm XML: /data/commit/graphit/wangyj05/workspace/ns-3-alibabacloud/simulation/build/scratch/../../scratch/xml_input/mini_1g1n_a2a.xml
Switch queue trace: (rows off)
Switch peak-queue summary: /data/commit/graphit/wangyj05/workspace/ns-3-alibabacloud/simulation/build/scratch/../../scratch/logs/switch_qlen_max_sweep_mini_1gpu_1nic_ack_all_256MB.csv
Switch drop/PFC trace: /data/commit/graphit/wangyj05/workspace/ns-3-alibabacloud/simulation/build/scratch/../../scratch/logs/switch_events_sweep_mini_1gpu_1nic_ack_all_256MB.csv
Total simulated time: 87390295 nanoseconds
Simulator end (last event of any kind): 87400000 nanoseconds
Switch port utilization: /data/commit/graphit/wangyj05/workspace/ns-3-alibabacloud/simulation/build/scratch/../../scratch/logs/switch_port_util_sweep_mini_1gpu_1nic_ack_all_256MB.csv
Fabric end (last switch data dequeue): 87389263 ns
Switch-to-switch data bytes over 8 ports: min 544210944 / mean 544210944 / max 544210944 (max/mean 1)
Busiest switch port: sw 4 port 2 -> node 6, 87073751 ns of data at line rate (99.639% of fabric end)
Flow-forwarding rule coverage: 1835008 hit / 0 miss (100% of flow-id packets steered by the schedule)
Pacing diagnostic (MSCCL XML "rate" -> host shaper)
  messages posted: 1536  with a rate: 1536 (100.0%)  without: 0
    of those, one MTU or less (shaped only by the gap after): 0 (0.0%)
    requested rate, byte-weighted mean: 30.0 Gbps over 3072.0 MB
  packets paced: 786432 (3114.0 MB), gap set by:
    the message's cap:      786432 (100.0%), 3114.0 MB, applied cap 30.0 Gbps
    cc rate (cap slack):    0 (0.0%)
    cc rate (no cap):       0 (0.0%)
    cc rate (message tail): 0 (0.0%)
  bytes shaped by the XML rate: 3114.0 of 3114.0 MB (100.0%)
Ack requests (AckReq) over 786432 data packets: 1536 closing a message, 68113 filling the window (8.66% of packets)
alltoall algorithm bandwidth: 49.147 GB/s
Algorithm XML: honoring 8 network dependence(s) over 20 send step(s).
Switch JSON: pinned the scheduled egress NIC on 20 RDMA connection(s); 0 left unpinned due to conflicting plane assignments.
Skipping correctness check.
Done simulation
