Per-NIC bandwidth trace: /data/commit/graphit/wangyj05/workspace/ns-3-alibabacloud/simulation/build/scratch/../../scratch/logs/host_nic_bw_sweep_mini_1gpu_1nic_ack_milp+sync_256KB.csv (every 200 ns, 4 NICs)
Topology: mini_1g1n (4 GPUs, 4 switches, 0 host switches)
NIC selection: merged NIC (one qp per NIC, message split across them)
Network flow ids: off (no header on the wire, plain ECMP)
Network deps (netdepid/netdeps): skipped
Algorithm XML: /data/commit/graphit/wangyj05/workspace/ns-3-alibabacloud/simulation/build/scratch/../../scratch/xml_input/mini_1g1n_a2a_milp_no_rate.xml
Switch queue trace: /data/commit/graphit/wangyj05/workspace/ns-3-alibabacloud/simulation/build/scratch/../../scratch/logs/switch_qlen_sweep_mini_1gpu_1nic_ack_milp+sync_256KB.csv
Switch peak-queue summary: /data/commit/graphit/wangyj05/workspace/ns-3-alibabacloud/simulation/build/scratch/../../scratch/logs/switch_qlen_max_sweep_mini_1gpu_1nic_ack_milp+sync_256KB.csv
Switch drop/PFC trace: /data/commit/graphit/wangyj05/workspace/ns-3-alibabacloud/simulation/build/scratch/../../scratch/logs/switch_events_sweep_mini_1gpu_1nic_ack_milp+sync_256KB.csv
Total simulated time: 131887 nanoseconds
Simulator end (last event of any kind): 134800 nanoseconds
Switch port utilization: /data/commit/graphit/wangyj05/workspace/ns-3-alibabacloud/simulation/build/scratch/../../scratch/logs/switch_port_util_sweep_mini_1gpu_1nic_ack_milp+sync_256KB.csv
Fabric end (last switch data dequeue): 130856 ns
Switch-to-switch data bytes over 8 ports: min 265472 / mean 530944 / max 796416 (max/mean 1.5)
Busiest switch port: sw 4 port 2 -> node 6, 127426 ns of data at line rate (97.3792% of fabric end)
Pacing diagnostic (MSCCL XML "rate" -> host shaper)
  messages posted: 12  with a rate: 0 (0.0%)  without: 12
  packets paced: 768 (3.0 MB), gap set by:
    the message's cap:      0 (0.0%), 0.0 MB
    cc rate (cap slack):    0 (0.0%)
    cc rate (no cap):       756 (98.4%)
    cc rate (message tail): 12 (1.6%)
  bytes shaped by the XML rate: 0.0 of 3.0 MB (0.0%)
Ack requests (AckReq) over 768 data packets: 12 closing a message, 40 filling the window (5.21% of packets)
alltoall algorithm bandwidth: 31.8023 GB/s
Algorithm XML: honoring 4 network dependence(s) over 12 send step(s).
Skipping correctness check.
Done simulation
