Per-NIC bandwidth trace: /data/commit/graphit/wangyj05/workspace/ns-3-alibabacloud/simulation/build/scratch/../../scratch/logs/host_nic_bw_sweep_mini_1gpu_1nic_ack_baseline_256MB.csv (every 200000 ns, 4 NICs)
Topology: mini_1g1n (4 GPUs, 4 switches, 0 host switches)
NIC selection: merged NIC (one qp per NIC, message split across them)
Network flow ids: off (no header on the wire, plain ECMP)
Network deps (netdepid/netdeps): skipped
Algorithm XML: /data/commit/graphit/wangyj05/workspace/ns-3-alibabacloud/simulation/build/scratch/../../scratch/xml_input/mini_1g1n_a2a_no_rate.xml
Switch queue trace: (rows off)
Switch peak-queue summary: /data/commit/graphit/wangyj05/workspace/ns-3-alibabacloud/simulation/build/scratch/../../scratch/logs/switch_qlen_max_sweep_mini_1gpu_1nic_ack_baseline_256MB.csv
Switch drop/PFC trace: /data/commit/graphit/wangyj05/workspace/ns-3-alibabacloud/simulation/build/scratch/../../scratch/logs/switch_events_sweep_mini_1gpu_1nic_ack_baseline_256MB.csv
Total simulated time: 108839401 nanoseconds
Simulator end (last event of any kind): 109000000 nanoseconds
Switch port utilization: /data/commit/graphit/wangyj05/workspace/ns-3-alibabacloud/simulation/build/scratch/../../scratch/logs/switch_port_util_sweep_mini_1gpu_1nic_ack_baseline_256MB.csv
Fabric end (last switch data dequeue): 108838370 ns
Switch-to-switch data bytes over 8 ports: min 407764992 / mean 543686656 / max 679608320 (max/mean 1.25)
Busiest switch port: sw 4 port 2 -> node 6, 108737331 ns of data at line rate (99.9072% of fabric end)
Pacing diagnostic (MSCCL XML "rate" -> host shaper)
  messages posted: 1536  with a rate: 0 (0.0%)  without: 1536
  packets paced: 786432 (3111.0 MB), gap set by:
    the message's cap:      0 (0.0%), 0.0 MB
    cc rate (cap slack):    0 (0.0%)
    cc rate (no cap):       786412 (100.0%)
    cc rate (message tail): 20 (0.0%)
  bytes shaped by the XML rate: 0.0 of 3111.0 MB (0.0%)
Ack requests (AckReq) over 786432 data packets: 1536 closing a message, 87977 filling the window (11.19% of packets)
alltoall algorithm bandwidth: 39.4615 GB/s
Algorithm XML: honoring 8 network dependence(s) over 20 send step(s).
Skipping correctness check.
Done simulation
