Per-NIC bandwidth trace: /data/commit/graphit/wangyj05/workspace/ns-3-alibabacloud/simulation/build/scratch/../../scratch/logs/host_nic_bw_sweep_mini_1gpu_1nic_ack_flowId+nic_1MB.csv (every 1000 ns, 4 NICs)
Topology: mini_1g1n (4 GPUs, 4 switches, 0 host switches)
NIC selection: schedule-pinned (one qp per connection)
Network flow ids: on (custom headers + per-flow switch forwarding)
Network deps (netdepid/netdeps): skipped
Algorithm XML: /data/commit/graphit/wangyj05/workspace/ns-3-alibabacloud/simulation/build/scratch/../../scratch/xml_input/mini_1g1n_a2a_no_rate.xml
Switch queue trace: /data/commit/graphit/wangyj05/workspace/ns-3-alibabacloud/simulation/build/scratch/../../scratch/logs/switch_qlen_sweep_mini_1gpu_1nic_ack_flowId+nic_1MB.csv
Switch peak-queue summary: /data/commit/graphit/wangyj05/workspace/ns-3-alibabacloud/simulation/build/scratch/../../scratch/logs/switch_qlen_max_sweep_mini_1gpu_1nic_ack_flowId+nic_1MB.csv
Switch drop/PFC trace: /data/commit/graphit/wangyj05/workspace/ns-3-alibabacloud/simulation/build/scratch/../../scratch/logs/switch_events_sweep_mini_1gpu_1nic_ack_flowId+nic_1MB.csv
Total simulated time: 345681 nanoseconds
Simulator end (last event of any kind): 349000 nanoseconds
Switch port utilization: /data/commit/graphit/wangyj05/workspace/ns-3-alibabacloud/simulation/build/scratch/../../scratch/logs/switch_port_util_sweep_mini_1gpu_1nic_ack_flowId+nic_1MB.csv
Fabric end (last switch data dequeue): 344649 ns
Switch-to-switch data bytes over 8 ports: min 2125824 / mean 2125824 / max 2125824 (max/mean 1)
Busiest switch port: sw 4 port 2 -> node 6, 340131 ns of data at line rate (98.6893% of fabric end)
Flow-forwarding rule coverage: 7168 hit / 0 miss (100% of flow-id packets steered by the schedule)
Pacing diagnostic (MSCCL XML "rate" -> host shaper)
  messages posted: 20  with a rate: 0 (0.0%)  without: 20
  packets paced: 3072 (12.2 MB), gap set by:
    the message's cap:      0 (0.0%), 0.0 MB
    cc rate (cap slack):    0 (0.0%)
    cc rate (no cap):       3052 (99.3%)
    cc rate (message tail): 20 (0.7%)
  bytes shaped by the XML rate: 0.0 of 12.2 MB (0.0%)
Ack requests (AckReq) over 3072 data packets: 20 closing a message, 226 filling the window (7.36% of packets)
alltoall algorithm bandwidth: 48.5338 GB/s
Algorithm XML: honoring 8 network dependence(s) over 20 send step(s).
Switch JSON: pinned the scheduled egress NIC on 20 RDMA connection(s); 0 left unpinned due to conflicting plane assignments.
Skipping correctness check.
Done simulation
