Participants: 6 of 8 GPUs carry data, 2 relay only (schedule mini_2g2n_3A_a2a_no_rate.xml)
Topology: mini_2g2n (8 GPUs, 4 switches, 4 host switches)
NIC selection: schedule-pinned (one qp per connection)
Network flow ids: on (custom headers + per-flow switch forwarding)
Network deps (netdepid/netdeps): skipped
Remote deps (remotedep/remotenotify): skipped
Algorithm XML: /data/commit/graphit/wangyj05/workspace/ns-3-alibabacloud/simulation/build/scratch/../../scratch/xml_input/mini_2g2n_3A_a2a_no_rate.xml
Switch queue trace: (rows off)
Switch peak-queue summary: /data/commit/graphit/wangyj05/workspace/ns-3-alibabacloud/simulation/build/scratch/../../scratch/logs/switch_qlen_max_sweep_mini_2gpu_2nic_3A_ack_flowId+nic+sync_16MB.csv
Switch drop/PFC trace: /data/commit/graphit/wangyj05/workspace/ns-3-alibabacloud/simulation/build/scratch/../../scratch/logs/switch_events_sweep_mini_2gpu_2nic_3A_ack_flowId+nic+sync_16MB.csv
Total simulated time: 6144268 nanoseconds
Simulator end (last event of any kind): 6147084 nanoseconds
Switch port utilization: /data/commit/graphit/wangyj05/workspace/ns-3-alibabacloud/simulation/build/scratch/../../scratch/logs/switch_port_util_sweep_mini_2gpu_2nic_3A_ack_flowId+nic+sync_16MB.csv
Fabric end (last switch data dequeue): 6143236 ns
Switch-to-switch data bytes over 8 ports: min 76529664 / mean 76529664 / max 76529664 (max/mean 1)
Busiest switch port: sw 8 port 4 -> node 10, 6122373 ns of data at line rate (99.6604% of fabric end)
Flow-forwarding rule coverage: 253952 hit / 0 miss (100% of flow-id packets steered by the schedule)
Pacing diagnostic (MSCCL XML "rate" -> host shaper)
  messages posted: 272  with a rate: 0 (0.0%)  without: 272
  packets paced: 139264 (551.4 MB), gap set by:
    the message's cap:      0 (0.0%), 0.0 MB
    cc rate (cap slack):    0 (0.0%)
    cc rate (no cap):       139173 (99.9%)
    cc rate (message tail): 91 (0.1%)
  bytes shaped by the XML rate: 0.0 of 551.4 MB (0.0%)
Ack requests (AckReq) over 139264 data packets: 272 closing a message, 8555 filling the window (6.14% of packets)
alltoall algorithm bandwidth: 98.2997 GB/s
MSCCL: 6 data GPUs, plus 2 relay GPU(s) carrying threadblocks but no input chunks (1, 7). Relays run their steps but hold no slice of the collective, so they are excluded from participant ranks.
Algorithm XML: honoring 31 network dependence(s) and 4 epoch-pacing depid(s) over 58 send step(s); 0 remote gate(s) fed by 0 remote notification(s) (enforced only with HonorRemoteDeps).
Switch JSON: pinned the scheduled egress NIC on 38 RDMA connection(s); 0 left unpinned due to conflicting plane assignments.
Skipping correctness check.
Done simulation
