Participants: 6 of 8 GPUs carry data (schedule mini_2g2n_3A_a2a_p2p_no_rate.xml)
Topology: mini_2g2n (8 GPUs, 4 switches, 4 host switches)
NIC selection: merged NIC (one qp per NIC, message split across them)
Network flow ids: off (no header on the wire, plain ECMP)
Network deps (netdepid/netdeps): skipped
Algorithm XML: /data/commit/graphit/wangyj05/workspace/ns-3-alibabacloud/simulation/build/scratch/../../scratch/xml_input/mini_2g2n_3A_a2a_p2p_no_rate.xml
Switch queue trace: (rows off)
Switch peak-queue summary: /data/commit/graphit/wangyj05/workspace/ns-3-alibabacloud/simulation/build/scratch/../../scratch/logs/switch_qlen_max_sweep_mini_2gpu_2nic_3A_ack_p2p+sync_4MB.csv
Switch drop/PFC trace: /data/commit/graphit/wangyj05/workspace/ns-3-alibabacloud/simulation/build/scratch/../../scratch/logs/switch_events_sweep_mini_2gpu_2nic_3A_ack_p2p+sync_4MB.csv
Total simulated time: 1714973 nanoseconds
Simulator end (last event of any kind): 1717789 nanoseconds
Switch port utilization: /data/commit/graphit/wangyj05/workspace/ns-3-alibabacloud/simulation/build/scratch/../../scratch/logs/switch_port_util_sweep_mini_2gpu_2nic_3A_ack_p2p+sync_4MB.csv
Fabric end (last switch data dequeue): 1713942 ns
Switch-to-switch data bytes over 8 ports: min 16990208 / mean 19113984 / max 21237760 (max/mean 1.11111)
Busiest switch port: sw 8 port 0 -> node 0, 1699020 ns of data at line rate (99.1294% of fabric end)
Pacing diagnostic (MSCCL XML "rate" -> host shaper)
  messages posted: 60  with a rate: 0 (0.0%)  without: 60
  packets paced: 30720 (121.5 MB), gap set by:
    the message's cap:      0 (0.0%), 0.0 MB
    cc rate (cap slack):    0 (0.0%)
    cc rate (no cap):       30661 (99.8%)
    cc rate (message tail): 59 (0.2%)
  bytes shaped by the XML rate: 0.0 of 121.5 MB (0.0%)
Ack requests (AckReq) over 30720 data packets: 60 closing a message, 1506 filling the window (4.90% of packets)
alltoall algorithm bandwidth: 88.0451 GB/s
Algorithm XML: honoring 0 network dependence(s) over 30 send step(s). NOTE: no netdepid/netdeps found -- every send is released as soon as its data dependences allow, so a time-indexed schedule will not be paced as solved.
Skipping correctness check.
Done simulation
