Participants: 6 of 8 GPUs carry data, 2 relay only (schedule mini_2g2n_3A_a2a_no_rate.xml)
Topology: mini_2g2n (8 GPUs, 4 switches, 4 host switches)
NIC selection: merged NIC (one qp per NIC, message split across them)
Network flow ids: off (no header on the wire, plain ECMP)
Network deps (netdepid/netdeps): skipped
Remote deps (remotedep/remotenotify): skipped
Algorithm XML: /data/commit/graphit/wangyj05/workspace/ns-3-alibabacloud/simulation/build/scratch/../../scratch/xml_input/mini_2g2n_3A_a2a_no_rate.xml
Switch queue trace: /data/commit/graphit/wangyj05/workspace/ns-3-alibabacloud/simulation/build/scratch/../../scratch/logs/switch_qlen_sweep_mini_2gpu_2nic_3A_ack_baseline+sync_64KB.csv
Switch peak-queue summary: /data/commit/graphit/wangyj05/workspace/ns-3-alibabacloud/simulation/build/scratch/../../scratch/logs/switch_qlen_max_sweep_mini_2gpu_2nic_3A_ack_baseline+sync_64KB.csv
Switch drop/PFC trace: /data/commit/graphit/wangyj05/workspace/ns-3-alibabacloud/simulation/build/scratch/../../scratch/logs/switch_events_sweep_mini_2gpu_2nic_3A_ack_baseline+sync_64KB.csv
Total simulated time: 38249 nanoseconds
Simulator end (last event of any kind): 41065 nanoseconds
Switch port utilization: /data/commit/graphit/wangyj05/workspace/ns-3-alibabacloud/simulation/build/scratch/../../scratch/logs/switch_port_util_sweep_mini_2gpu_2nic_3A_ack_baseline+sync_64KB.csv
Fabric end (last switch data dequeue): 37218 ns
Switch-to-switch data bytes over 8 ports: min 165920 / mean 298656 / max 431392 (max/mean 1.44444)
Busiest switch port: sw 9 port 4 -> node 10, 34511 ns of data at line rate (92.7276% of fabric end)
Pacing diagnostic (MSCCL XML "rate" -> host shaper)
  messages posted: 58  with a rate: 0 (0.0%)  without: 58
  packets paced: 544 (2.2 MB), gap set by:
    the message's cap:      0 (0.0%), 0.0 MB
    cc rate (cap slack):    0 (0.0%)
    cc rate (no cap):       498 (91.5%)
    cc rate (message tail): 46 (8.5%)
  bytes shaped by the XML rate: 0.0 of 2.2 MB (0.0%)
Ack requests (AckReq) over 544 data packets: 58 closing a message, 0 filling the window (0.00% of packets)
alltoall algorithm bandwidth: 61.6826 GB/s
MSCCL: 6 data GPUs, plus 2 relay GPU(s) carrying threadblocks but no input chunks (1, 7). Relays run their steps but hold no slice of the collective, so they are excluded from participant ranks.
Algorithm XML: honoring 31 network dependence(s) and 4 epoch-pacing depid(s) over 58 send step(s); 0 remote gate(s) fed by 0 remote notification(s) (enforced only with HonorRemoteDeps).
Skipping correctness check.
Done simulation
