Participants: 6 of 8 GPUs carry data, 2 relay only (schedule mini_2g2n_3A_a2a.xml)
Topology: mini_2g2n (8 GPUs, 4 switches, 4 host switches)
NIC selection: schedule-pinned (one qp per connection)
Network flow ids: on (custom headers + per-flow switch forwarding)
Network deps (netdepid/netdeps): honored
Remote deps (remotedep/remotenotify): honored
Algorithm XML: /data/commit/graphit/wangyj05/workspace/ns-3-alibabacloud/simulation/build/scratch/../../scratch/xml_input/mini_2g2n_3A_a2a.xml
Switch queue trace: /data/commit/graphit/wangyj05/workspace/ns-3-alibabacloud/simulation/build/scratch/../../scratch/logs/switch_qlen_sweep_mini_2gpu_2nic_3A_ack_all_4KB.csv
Switch peak-queue summary: /data/commit/graphit/wangyj05/workspace/ns-3-alibabacloud/simulation/build/scratch/../../scratch/logs/switch_qlen_max_sweep_mini_2gpu_2nic_3A_ack_all_4KB.csv
Switch drop/PFC trace: /data/commit/graphit/wangyj05/workspace/ns-3-alibabacloud/simulation/build/scratch/../../scratch/logs/switch_events_sweep_mini_2gpu_2nic_3A_ack_all_4KB.csv
Total simulated time: 23594 nanoseconds
Simulator end (last event of any kind): 26410 nanoseconds
Switch port utilization: /data/commit/graphit/wangyj05/workspace/ns-3-alibabacloud/simulation/build/scratch/../../scratch/logs/switch_port_util_sweep_mini_2gpu_2nic_3A_ack_all_4KB.csv
Fabric end (last switch data dequeue): 22726 ns
Switch-to-switch data bytes over 8 ports: min 18936 / mean 18992 / max 19048 (max/mean 1.00295)
Busiest switch port: sw 9 port 4 -> node 10, 1523 ns of data at line rate (6.70527% of fabric end)
Flow-forwarding rule coverage: 130 hit / 0 miss (100% of flow-id packets steered by the schedule)
Pacing diagnostic (MSCCL XML "rate" -> host shaper)
  messages posted: 58  with a rate: 58 (100.0%)  without: 0
    of those, one MTU or less (shaped only by the gap after): 58 (100.0%)
    requested rate, byte-weighted mean: 58.6 Gbps over 0.1 MB
  packets paced: 58 (0.1 MB), gap set by:
    the message's cap:      52 (89.7%), 0.1 MB, applied cap 53.6 Gbps
    cc rate (cap slack):    6 (10.3%)
    cc rate (no cap):       0 (0.0%)
    cc rate (message tail): 0 (0.0%)
  bytes shaped by the XML rate: 0.1 of 0.1 MB (82.5%)
Ack requests (AckReq) over 58 data packets: 58 closing a message, 0 filling the window (0.00% of packets)
alltoall algorithm bandwidth: 6.24972 GB/s
MSCCL: 6 data GPUs, plus 2 relay GPU(s) carrying threadblocks but no input chunks (1, 7). Relays run their steps but hold no slice of the collective, so they are excluded from participant ranks.
Algorithm XML: honoring 31 network dependence(s) and 4 epoch-pacing depid(s) over 58 send step(s); 0 remote gate(s) fed by 0 remote notification(s) (enforced only with HonorRemoteDeps).
Switch JSON: pinned the scheduled egress NIC on 38 RDMA connection(s); 0 left unpinned due to conflicting plane assignments.
Skipping correctness check.
Done simulation
