Participants: 6 of 8 GPUs carry data, 2 relay only (schedule mini_2g2n_3A_a2a.xml)
Topology: mini_2g2n (8 GPUs, 4 switches, 4 host switches)
NIC selection: schedule-pinned (one qp per connection)
Network flow ids: on (custom headers + per-flow switch forwarding)
Network deps (netdepid/netdeps): honored
Remote deps (remotedep/remotenotify): honored
Algorithm XML: /data/commit/graphit/wangyj05/workspace/ns-3-alibabacloud/simulation/build/scratch/../../scratch/xml_input/mini_2g2n_3A_a2a.xml
Switch queue trace: (rows off)
Switch peak-queue summary: /data/commit/graphit/wangyj05/workspace/ns-3-alibabacloud/simulation/build/scratch/../../scratch/logs/switch_qlen_max_sweep_mini_2gpu_2nic_3A_ack_all+sync_4MB.csv
Switch drop/PFC trace: /data/commit/graphit/wangyj05/workspace/ns-3-alibabacloud/simulation/build/scratch/../../scratch/logs/switch_events_sweep_mini_2gpu_2nic_3A_ack_all+sync_4MB.csv
Total simulated time: 1729352 nanoseconds
Simulator end (last event of any kind): 1732168 nanoseconds
Switch port utilization: /data/commit/graphit/wangyj05/workspace/ns-3-alibabacloud/simulation/build/scratch/../../scratch/logs/switch_port_util_sweep_mini_2gpu_2nic_3A_ack_all+sync_4MB.csv
Fabric end (last switch data dequeue): 1728320 ns
Switch-to-switch data bytes over 8 ports: min 19132416 / mean 19132416 / max 19132416 (max/mean 1)
Busiest switch port: sw 8 port 4 -> node 10, 1530593 ns of data at line rate (88.5596% of fabric end)
Flow-forwarding rule coverage: 63488 hit / 0 miss (100% of flow-id packets steered by the schedule)
Pacing diagnostic (MSCCL XML "rate" -> host shaper)
  messages posted: 72  with a rate: 72 (100.0%)  without: 0
    of those, one MTU or less (shaped only by the gap after): 0 (0.0%)
    requested rate, byte-weighted mean: 58.6 Gbps over 136.0 MB
  packets paced: 34816 (137.9 MB), gap set by:
    the message's cap:      28672 (82.4%), 113.5 MB, applied cap 53.8 Gbps
    cc rate (cap slack):    6144 (17.6%)
    cc rate (no cap):       0 (0.0%)
    cc rate (message tail): 0 (0.0%)
  bytes shaped by the XML rate: 113.5 of 137.9 MB (82.4%)
Ack requests (AckReq) over 34816 data packets: 72 closing a message, 95 filling the window (0.27% of packets)
alltoall algorithm bandwidth: 87.313 GB/s
MSCCL: 6 data GPUs, plus 2 relay GPU(s) carrying threadblocks but no input chunks (1, 7). Relays run their steps but hold no slice of the collective, so they are excluded from participant ranks.
Algorithm XML: honoring 31 network dependence(s) and 4 epoch-pacing depid(s) over 58 send step(s); 0 remote gate(s) fed by 0 remote notification(s) (enforced only with HonorRemoteDeps).
Switch JSON: pinned the scheduled egress NIC on 38 RDMA connection(s); 0 left unpinned due to conflicting plane assignments.
Skipping correctness check.
Done simulation
