Participants: 6 of 8 GPUs carry data, 2 relay only (schedule mini_2g2n_3A_a2a_no_rate.xml)
Topology: mini_2g2n (8 GPUs, 4 switches, 4 host switches)
NIC selection: merged NIC (one qp per NIC, message split across them)
Network flow ids: off (no header on the wire, plain ECMP)
Network deps (netdepid/netdeps): skipped
Remote deps (remotedep/remotenotify): skipped
Algorithm XML: /data/commit/graphit/wangyj05/workspace/ns-3-alibabacloud/simulation/build/scratch/../../scratch/xml_input/mini_2g2n_3A_a2a_no_rate.xml
Switch queue trace: (rows off)
Switch peak-queue summary: /data/commit/graphit/wangyj05/workspace/ns-3-alibabacloud/simulation/build/scratch/../../scratch/logs/switch_qlen_max_sweep_mini_2gpu_2nic_3A_ack_baseline+sync_64MB.csv
Switch drop/PFC trace: /data/commit/graphit/wangyj05/workspace/ns-3-alibabacloud/simulation/build/scratch/../../scratch/logs/switch_events_sweep_mini_2gpu_2nic_3A_ack_baseline+sync_64MB.csv
Total simulated time: 35291981 nanoseconds
Simulator end (last event of any kind): 35294797 nanoseconds
Switch port utilization: /data/commit/graphit/wangyj05/workspace/ns-3-alibabacloud/simulation/build/scratch/../../scratch/logs/switch_port_util_sweep_mini_2gpu_2nic_3A_ack_baseline+sync_64MB.csv
Fabric end (last switch data dequeue): 35290950 ns
Switch-to-switch data bytes over 8 ports: min 169902080 / mean 305823744 / max 441745408 (max/mean 1.44444)
Busiest switch port: sw 9 port 4 -> node 10, 35339632 ns of data at line rate (100.138% of fabric end)
Pacing diagnostic (MSCCL XML "rate" -> host shaper)
  messages posted: 1088  with a rate: 0 (0.0%)  without: 1088
  packets paced: 557056 (2203.6 MB), gap set by:
    the message's cap:      0 (0.0%), 0.0 MB
    cc rate (cap slack):    0 (0.0%)
    cc rate (no cap):       556779 (100.0%)
    cc rate (message tail): 277 (0.0%)
  bytes shaped by the XML rate: 0.0 of 2203.6 MB (0.0%)
Ack requests (AckReq) over 557056 data packets: 1088 closing a message, 35025 filling the window (6.29% of packets)
alltoall algorithm bandwidth: 68.4552 GB/s
MSCCL: 6 data GPUs, plus 2 relay GPU(s) carrying threadblocks but no input chunks (1, 7). Relays run their steps but hold no slice of the collective, so they are excluded from participant ranks.
Algorithm XML: honoring 31 network dependence(s) and 4 epoch-pacing depid(s) over 58 send step(s); 0 remote gate(s) fed by 0 remote notification(s) (enforced only with HonorRemoteDeps).
Skipping correctness check.
Done simulation
