Participants: 6 of 8 GPUs carry data (schedule mini_2g2n_3A_a2a_p2p_no_rate.xml)
Topology: mini_2g2n (8 GPUs, 4 switches, 4 host switches)
NIC selection: merged NIC (one qp per NIC, message split across them)
Network flow ids: off (no header on the wire, plain ECMP)
Network deps (netdepid/netdeps): skipped
Algorithm XML: /data/commit/graphit/wangyj05/workspace/ns-3-alibabacloud/simulation/build/scratch/../../scratch/xml_input/mini_2g2n_3A_a2a_p2p_no_rate.xml
Switch queue trace: (rows off)
Switch peak-queue summary: /data/commit/graphit/wangyj05/workspace/ns-3-alibabacloud/simulation/build/scratch/../../scratch/logs/switch_qlen_max_sweep_mini_2gpu_2nic_3A_ack_p2p_1GB.csv
Switch drop/PFC trace: /data/commit/graphit/wangyj05/workspace/ns-3-alibabacloud/simulation/build/scratch/../../scratch/logs/switch_events_sweep_mini_2gpu_2nic_3A_ack_p2p_1GB.csv
Total simulated time: 441642548 nanoseconds
Simulator end (last event of any kind): 441645364 nanoseconds
Switch port utilization: /data/commit/graphit/wangyj05/workspace/ns-3-alibabacloud/simulation/build/scratch/../../scratch/logs/switch_port_util_sweep_mini_2gpu_2nic_3A_ack_p2p_1GB.csv
Fabric end (last switch data dequeue): 441641517 ns
Switch-to-switch data bytes over 8 ports: min 4349493248 / mean 4893179904 / max 5436866560 (max/mean 1.11111)
Busiest switch port: sw 8 port 0 -> node 0, 434949324 ns of data at line rate (98.4847% of fabric end)
Pacing diagnostic (MSCCL XML "rate" -> host shaper)
  messages posted: 15360  with a rate: 0 (0.0%)  without: 15360
  packets paced: 7864320 (31110.0 MB), gap set by:
    the message's cap:      0 (0.0%), 0.0 MB
    cc rate (cap slack):    0 (0.0%)
    cc rate (no cap):       7864290 (100.0%)
    cc rate (message tail): 30 (0.0%)
  bytes shaped by the XML rate: 0.0 of 31110.0 MB (0.0%)
Ack requests (AckReq) over 7864320 data packets: 15360 closing a message, 568131 filling the window (7.22% of packets)
alltoall algorithm bandwidth: 87.5249 GB/s
Algorithm XML: honoring 0 network dependence(s) over 30 send step(s). NOTE: no netdepid/netdeps found -- every send is released as soon as its data dependences allow, so a time-indexed schedule will not be paced as solved.
Skipping correctness check.
Done simulation
