Topology: mini_2g1n (8 GPUs, 4 switches, 4 host switches)
NIC selection: merged NIC (one qp per NIC, message split across them)
Network flow ids: off (no header on the wire, plain ECMP)
Network deps (netdepid/netdeps): skipped
Algorithm XML: /data/commit/graphit/wangyj05/workspace/ns-3-alibabacloud/simulation/build/scratch/../../scratch/xml_input/mini_2g1n_a2a_no_rate.xml
Switch queue trace: (rows off)
Switch peak-queue summary: /data/commit/graphit/wangyj05/workspace/ns-3-alibabacloud/simulation/build/scratch/../../scratch/logs/switch_qlen_max_sweep_mini_2gpu_1nic_ack_baseline_64MB.csv
Switch drop/PFC trace: /data/commit/graphit/wangyj05/workspace/ns-3-alibabacloud/simulation/build/scratch/../../scratch/logs/switch_events_sweep_mini_2gpu_1nic_ack_baseline_64MB.csv
Total simulated time: 98008248 nanoseconds
Simulator end (last event of any kind): 98012478 nanoseconds
Switch port utilization: /data/commit/graphit/wangyj05/workspace/ns-3-alibabacloud/simulation/build/scratch/../../scratch/logs/switch_port_util_sweep_mini_2gpu_1nic_ack_baseline_64MB.csv
Fabric end (last switch data dequeue): 98006352 ns
Switch-to-switch data bytes over 8 ports: min 475725824 / mean 543686656 / max 611647488 (max/mean 1.125)
Busiest switch port: sw 9 port 3 -> node 11, 97863598 ns of data at line rate (99.8543% of fabric end)
Pacing diagnostic (MSCCL XML "rate" -> host shaper)
  messages posted: 1792  with a rate: 0 (0.0%)  without: 1792
  packets paced: 917504 (3629.5 MB), gap set by:
    the message's cap:      0 (0.0%), 0.0 MB
    cc rate (cap slack):    0 (0.0%)
    cc rate (no cap):       917424 (100.0%)
    cc rate (message tail): 80 (0.0%)
  bytes shaped by the XML rate: 0.0 of 3629.5 MB (0.0%)
Ack requests (AckReq) over 917504 data packets: 1792 closing a message, 151468 filling the window (16.51% of packets)
alltoall algorithm bandwidth: 43.8225 GB/s
Algorithm XML: honoring 228 network dependence(s) over 328 send step(s).
Skipping correctness check.
Done simulation
