Topology: mini_2g1n (8 GPUs, 4 switches, 4 host switches)
NIC selection: merged NIC (one qp per NIC, message split across them)
Network flow ids: off (no header on the wire, plain ECMP)
Network deps (netdepid/netdeps): skipped
Remote deps (remotedep/remotenotify): skipped
Algorithm XML: /data/commit/graphit/wangyj05/workspace/ns-3-alibabacloud/simulation/build/scratch/../../scratch/xml_input/mini_2g1n_a2a_no_rate.xml
Switch queue trace: (rows off)
Switch peak-queue summary: /data/commit/graphit/wangyj05/workspace/ns-3-alibabacloud/simulation/build/scratch/../../scratch/logs/switch_qlen_max_sweep_mini_2gpu_1nic_ack_baseline+sync_4GB.csv
Switch drop/PFC trace: /data/commit/graphit/wangyj05/workspace/ns-3-alibabacloud/simulation/build/scratch/../../scratch/logs/switch_events_sweep_mini_2gpu_1nic_ack_baseline+sync_4GB.csv
Total simulated time: 6276115919 nanoseconds
Simulator end (last event of any kind): 6276120149 nanoseconds
Switch port utilization: /data/commit/graphit/wangyj05/workspace/ns-3-alibabacloud/simulation/build/scratch/../../scratch/logs/switch_port_util_sweep_mini_2gpu_1nic_ack_baseline+sync_4GB.csv
Fabric end (last switch data dequeue): 6276114023 ns
Switch-to-switch data bytes over 8 ports: min 30446452736 / mean 34795945984 / max 39145439232 (max/mean 1.125)
Busiest switch port: sw 9 port 3 -> node 11, 6263270277 ns of data at line rate (99.7954% of fabric end)
Pacing diagnostic (MSCCL XML "rate" -> host shaper)
  messages posted: 114688  with a rate: 0 (0.0%)  without: 114688
  packets paced: 58720256 (232288.0 MB), gap set by:
    the message's cap:      0 (0.0%), 0.0 MB
    cc rate (cap slack):    0 (0.0%)
    cc rate (no cap):       58700916 (100.0%)
    cc rate (message tail): 19340 (0.0%)
  bytes shaped by the XML rate: 0.0 of 232288.0 MB (0.0%)
Ack requests (AckReq) over 58720256 data packets: 114688 closing a message, 7509234 filling the window (12.79% of packets)
alltoall algorithm bandwidth: 43.7975 GB/s
Algorithm XML: honoring 228 network dependence(s) and 0 epoch-pacing depid(s) over 328 send step(s); 0 remote gate(s) fed by 0 remote notification(s) (enforced only with HonorRemoteDeps).
Skipping correctness check.
Done simulation
