[0/2] Re-checking globbed directories...
[1/2] Re-running CMake...
-- Using default output directory /data/commit/graphit/wangyj05/workspace/ns-3-alibabacloud/simulation/build
-- [33mProceeding without cmake-format[0m
-- find_external_library: SQLite3 was found.
-- Some or all of the gtk libraries were not found. (missing: GTK3_GTK_LIBRARY GTK3_GTK_INCLUDE_DIR GTK3_GDK_INCLUDE_DIR GTK3_GDKCONFIG_INCLUDE_DIR GTK3_GDK_LIBRARY) 
-- [33mGTK3 was not found. Continuing without it.[0m
-- LibXML2 was found.
-- LibRT was found.
-- [33mVisualizer requires Python bindings[0m
-- [33mGSL was not found. Continuing without it.[0m
-- [33mdocs: doxygen documentation not enabled due to missing dependencies: dia[0m
-- Failed to locate sphinx-build executable (missing: SPHINX_EXECUTABLE) 
-- [33mdocs: sphinx documentation not enabled due to missing dependencies: Sphinx[0m
-- Precompiled headers were enabled
-- Processing src/antenna
-- Processing src/aodv
-- Processing src/applications
-- Processing src/bridge
-- Processing src/brite
-- [33mfind_external_library: brite was not found. Missing headers: "Brite.h" and missing libraries: "brite".[0m
-- [33mSkipping src/brite[0m
-- Processing src/buildings
-- Processing src/click
-- [33mfind_external_library: click was not found. Missing headers: "simclick.h" and missing libraries: "nsclick;click".[0m
-- [33mSkipping src/click[0m
-- Processing src/config-store
-- Processing src/core
-- Boost Units have been found.
-- Processing src/csma
-- Processing src/csma-layout
-- Processing src/distributed-ml
-- Processing src/dsdv
-- Processing src/dsr
-- Processing src/energy
-- Processing src/fd-net-device
-- Checking for module 'libdpdk'
--   Package 'libdpdk', required by 'virtual:world', not found
-- Processing src/flow-monitor
-- Processing src/internet
-- Processing src/internet-apps
-- Processing src/lr-wpan
-- Processing src/lte
-- Processing src/mesh
-- Processing src/mobility
-- Processing src/netanim
-- Processing src/network
-- Processing src/nix-vector-routing
-- Processing src/olsr
-- Processing src/openflow
-- [33mfind_external_library: openflow was not found. Missing headers: "openflow.h" and missing libraries: "openflow".[0m
-- [33mSkipping src/openflow[0m
-- Processing src/point-to-point
-- Processing src/point-to-point-layout
-- Processing src/propagation
-- Processing src/sixlowpan
-- Processing src/spectrum
-- Processing src/stats
-- Processing src/tap-bridge
-- Processing src/test
-- Processing src/topology-read
-- Processing src/traffic-control
-- Processing src/uan
-- Processing src/virtual-net-device
-- Processing src/wave
-- Processing src/wifi
-- Processing src/wimax
-- ---- Summary of optional ns-3 features:
Build profile                 : debug
Build directory               : /data/commit/graphit/wangyj05/workspace/ns-3-alibabacloud/simulation/build
BRITE Integration             : [31mOFF (missing dependency)[0m
DES Metrics event collection  : OFF (not requested)
DPDK NetDevice                : OFF (not requested)
Emulation FdNetDevice         : [32mON[0m
Examples                      : OFF (not requested)
File descriptor NetDevice     : [32mON[0m
GNU Scientific Library (GSL)  : [31mOFF (missing dependency)[0m
GtkConfigStore                : [31mOFF (missing dependency)[0m
LibXml2 support               : [32mON[0m
MPI Support                   : OFF (not requested)
Multithreaded Simulation      : OFF (not requested)
ns-3 Click Integration        : [31mOFF (missing dependency)[0m
ns-3 OpenFlow Integration     : [31mOFF (missing dependency)[0m
Netmap emulation FdNetDevice  : [31mOFF (missing dependency)[0m
PyViz visualizer              : [31mOFF (missing dependency)[0m
Python API Scanning Support   : OFF (not requested)
Python Bindings               : OFF (not requested)
Real Time Simulator           : [32mON[0m
SQLite support                : [32mON[0m
Tap Bridge                    : [32mON[0m
Tap FdNetDevice               : [32mON[0m
Tests                         : OFF (not requested)


Modules configured to be built:
antenna                   aodv                      applications              
bridge                    buildings                 config-store              
core                      csma                      csma-layout               
distributed-ml            dsdv                      dsr                       
energy                    fd-net-device             flow-monitor              
internet                  internet-apps             lr-wpan                   
lte                       mesh                      mobility                  
netanim                   network                   nix-vector-routing        
olsr                      point-to-point            point-to-point-layout     
propagation               sixlowpan                 spectrum                  
stats                     tap-bridge                topology-read             
traffic-control           uan                       virtual-net-device        
wave                      wifi                      wimax                     


Modules that cannot be built:
brite                     click                     mpi                       
mtp                       openflow                  p4                        
test                      visualizer                


-- Configuring done
-- Generating done
-- Build files have been written to: /data/commit/graphit/wangyj05/workspace/ns-3-alibabacloud/simulation/cmake-cache
[0/2] Re-checking globbed directories...
ninja: no work to do.
Topology: mini_2g1n (8 GPUs, 4 switches, 4 host switches)
NIC selection: schedule-pinned (one qp per connection)
Network flow ids: on (custom headers + per-flow switch forwarding)
Network deps (netdepid/netdeps): skipped
Remote deps (remotedep/remotenotify): skipped
Algorithm XML: /data/commit/graphit/wangyj05/workspace/ns-3-alibabacloud/simulation/build/scratch/../../scratch/xml_input/mini_2g1n_a2a_no_rate.xml
Switch queue trace: (rows off)
Switch peak-queue summary: /data/commit/graphit/wangyj05/workspace/ns-3-alibabacloud/simulation/build/scratch/../../scratch/logs/switch_qlen_max_sweep_mini_2gpu_1nic_ack_flowId+nic_4GB.csv
Switch drop/PFC trace: /data/commit/graphit/wangyj05/workspace/ns-3-alibabacloud/simulation/build/scratch/../../scratch/logs/switch_events_sweep_mini_2gpu_1nic_ack_flowId+nic_4GB.csv
Total simulated time: 5593538102 nanoseconds
Simulator end (last event of any kind): 5593542332 nanoseconds
Switch port utilization: /data/commit/graphit/wangyj05/workspace/ns-3-alibabacloud/simulation/build/scratch/../../scratch/logs/switch_port_util_sweep_mini_2gpu_1nic_ack_flowId+nic_4GB.csv
Fabric end (last switch data dequeue): 5593536204 ns
Switch-to-switch data bytes over 8 ports: min 34829500416 / mean 34829500416 / max 34829500416 (max/mean 1)
Busiest switch port: sw 8 port 2 -> node 10, 5572720066 ns of data at line rate (99.6279% of fabric end)
Flow-forwarding rule coverage: 117440512 hit / 0 miss (100% of flow-id packets steered by the schedule)
Pacing diagnostic (MSCCL XML "rate" -> host shaper)
  messages posted: 114688  with a rate: 0 (0.0%)  without: 114688
  packets paced: 58720256 (232512.0 MB), gap set by:
    the message's cap:      0 (0.0%), 0.0 MB
    cc rate (cap slack):    0 (0.0%)
    cc rate (no cap):       58720176 (100.0%)
    cc rate (message tail): 80 (0.0%)
  bytes shaped by the XML rate: 0.0 of 232512.0 MB (0.0%)
Ack requests (AckReq) over 58720256 data packets: 114688 closing a message, 10638770 filling the window (18.12% of packets)
alltoall algorithm bandwidth: 49.142 GB/s
-- GLOB mismatch!
Algorithm XML: honoring 228 network dependence(s) and 0 epoch-pacing depid(s) over 328 send step(s); 0 remote gate(s) fed by 0 remote notification(s) (enforced only with HonorRemoteDeps).
Switch JSON: switch 0, flow 1: port 0 reaches node 12, not the declared next_hop 0 (gpu, node 0). Forwarding follows the port; next_hop looks stale.
Switch JSON: switch 0, flow 10: port 0 reaches node 12, not the declared next_hop 1 (gpu, node 1). Forwarding follows the port; next_hop looks stale.
Switch JSON: switch 0, flow 11: port 0 reaches node 12, not the declared next_hop 1 (gpu, node 1). Forwarding follows the port; next_hop looks stale.
Switch JSON: switch 0, flow 12: port 0 reaches node 12, not the declared next_hop 1 (gpu, node 1). Forwarding follows the port; next_hop looks stale.
Switch JSON: switch 0, flow 13: port 0 reaches node 12, not the declared next_hop 1 (gpu, node 1). Forwarding follows the port; next_hop looks stale.
Switch JSON: switch 0, flow 14: port 1 reaches node 13, not the declared next_hop 2 (gpu, node 2). Forwarding follows the port; next_hop looks stale.
Switch JSON: switch 0, flow 15: port 1 reaches node 13, not the declared next_hop 2 (gpu, node 2). Forwarding follows the port; next_hop looks stale.
Switch JSON: switch 0, flow 17: port 1 reaches node 13, not the declared next_hop 2 (gpu, node 2). Forwarding follows the port; next_hop looks stale.
Switch JSON: switch 0, flow 18: port 1 reaches node 13, not the declared next_hop 2 (gpu, node 2). Forwarding follows the port; next_hop looks stale.
Switch JSON: switch 0, flow 19: port 1 reaches node 13, not the declared next_hop 2 (gpu, node 2). Forwarding follows the port; next_hop looks stale.
Switch JSON: switch 0, flow 2: port 0 reaches node 12, not the declared next_hop 0 (gpu, node 0). Forwarding follows the port; next_hop looks stale.
Switch JSON: switch 0, flow 20: port 1 reaches node 13, not the declared next_hop 2 (gpu, node 2). Forwarding follows the port; next_hop looks stale.
Switch JSON: switch 0, flow 21: port 1 reaches node 13, not the declared next_hop 3 (gpu, node 3). Forwarding follows the port; next_hop looks stale.
Switch JSON: switch 0, flow 22: port 1 reaches node 13, not the declared next_hop 3 (gpu, node 3). Forwarding follows the port; next_hop looks stale.
Switch JSON: switch 0, flow 24: port 1 reaches node 13, not the declared next_hop 3 (gpu, node 3). Forwarding follows the port; next_hop looks stale.
Switch JSON: switch 0, flow 25: port 1 reaches node 13, not the declared next_hop 3 (gpu, node 3). Forwarding follows the port; next_hop looks stale.
Switch JSON: switch 0, flow 26: port 1 reaches node 13, not the declared next_hop 3 (gpu, node 3). Forwarding follows the port; next_hop looks stale.
Switch JSON: switch 0, flow 27: port 1 reaches node 13, not the declared next_hop 3 (gpu, node 3). Forwarding follows the port; next_hop looks stale.
Switch JSON: switch 0, flow 3: port 0 reaches node 12, not the declared next_hop 0 (gpu, node 0). Forwarding follows the port; next_hop looks stale.
Switch JSON: switch 0, flow 4: port 0 reaches node 12, not the declared next_hop 0 (gpu, node 0). Forwarding follows the port; next_hop looks stale.
Switch JSON: switch 0, flow 5: port 0 reaches node 12, not the declared next_hop 0 (gpu, node 0). Forwarding follows the port; next_hop looks stale.
Switch JSON: switch 0, flow 56: port 0 reaches node 12, not the declared next_hop 0 (gpu, node 0). Forwarding follows the port; next_hop looks stale.
Switch JSON: switch 0, flow 57: port 0 reaches node 12, not the declared next_hop 0 (gpu, node 0). Forwarding follows the port; next_hop looks stale.
Switch JSON: switch 0, flow 58: port 0 reaches node 12, not the declared next_hop 1 (gpu, node 1). Forwarding follows the port; next_hop looks stale.
Switch JSON: switch 0, flow 59: port 0 reaches node 12, not the declared next_hop 1 (gpu, node 1). Forwarding follows the port; next_hop looks stale.
Switch JSON: switch 0, flow 6: port 0 reaches node 12, not the declared next_hop 0 (gpu, node 0). Forwarding follows the port; next_hop looks stale.
Switch JSON: switch 0, flow 60: port 1 reaches node 13, not the declared next_hop 2 (gpu, node 2). Forwarding follows the port; next_hop looks stale.
Switch JSON: switch 0, flow 61: port 1 reaches node 13, not the declared next_hop 2 (gpu, node 2). Forwarding follows the port; next_hop looks stale.
Switch JSON: switch 0, flow 62: port 1 reaches node 13, not the declared next_hop 3 (gpu, node 3). Forwarding follows the port; next_hop looks stale.
Switch JSON: switch 0, flow 63: port 1 reaches node 13, not the declared next_hop 3 (gpu, node 3). Forwarding follows the port; next_hop looks stale.
Switch JSON: switch 0, flow 8: port 0 reaches node 12, not the declared next_hop 1 (gpu, node 1). Forwarding follows the port; next_hop looks stale.
Switch JSON: switch 0, flow 9: port 0 reaches node 12, not the declared next_hop 1 (gpu, node 1). Forwarding follows the port; next_hop looks stale.
Switch JSON: switch 1, flow 28: port 0 reaches node 14, not the declared next_hop 4 (gpu, node 4). Forwarding follows the port; next_hop looks stale.
Switch JSON: switch 1, flow 29: port 0 reaches node 14, not the declared next_hop 4 (gpu, node 4). Forwarding follows the port; next_hop looks stale.
Switch JSON: switch 1, flow 30: port 0 reaches node 14, not the declared next_hop 4 (gpu, node 4). Forwarding follows the port; next_hop looks stale.
Switch JSON: switch 1, flow 31: port 0 reaches node 14, not the declared next_hop 4 (gpu, node 4). Forwarding follows the port; next_hop looks stale.
Switch JSON: switch 1, flow 33: port 0 reaches node 14, not the declared next_hop 4 (gpu, node 4). Forwarding follows the port; next_hop looks stale.
Switch JSON: switch 1, flow 34: port 0 reaches node 14, not the declared next_hop 4 (gpu, node 4). Forwarding follows the port; next_hop looks stale.
Switch JSON: switch 1, flow 35: port 0 reaches node 14, not the declared next_hop 5 (gpu, node 5). Forwarding follows the port; next_hop looks stale.
Switch JSON: switch 1, flow 36: port 0 reaches node 14, not the declared next_hop 5 (gpu, node 5). Forwarding follows the port; next_hop looks stale.
Switch JSON: switch 1, flow 37: port 0 reaches node 14, not the declared next_hop 5 (gpu, node 5). Forwarding follows the port; next_hop looks stale.
Switch JSON: switch 1, flow 38: port 0 reaches node 14, not the declared next_hop 5 (gpu, node 5). Forwarding follows the port; next_hop looks stale.
Switch JSON: switch 1, flow 40: port 0 reaches node 14, not the declared next_hop 5 (gpu, node 5). Forwarding follows the port; next_hop looks stale.
Switch JSON: switch 1, flow 41: port 0 reaches node 14, not the declared next_hop 5 (gpu, node 5). Forwarding follows the port; next_hop looks stale.
Switch JSON: switch 1, flow 42: port 1 reaches node 15, not the declared next_hop 6 (gpu, node 6). Forwarding follows the port; next_hop looks stale.
Switch JSON: switch 1, flow 43: port 1 reaches node 15, not the declared next_hop 6 (gpu, node 6). Forwarding follows the port; next_hop looks stale.
Switch JSON: switch 1, flow 44: port 1 reaches node 15, not the declared next_hop 6 (gpu, node 6). Forwarding follows the port; next_hop looks stale.
Switch JSON: switch 1, flow 45: port 1 reaches node 15, not the declared next_hop 6 (gpu, node 6). Forwarding follows the port; next_hop looks stale.
Switch JSON: switch 1, flow 46: port 1 reaches node 15, not the declared next_hop 6 (gpu, node 6). Forwarding follows the port; next_hop looks stale.
Switch JSON: switch 1, flow 47: port 1 reaches node 15, not the declared next_hop 6 (gpu, node 6). Forwarding follows the port; next_hop looks stale.
Switch JSON: switch 1, flow 49: port 1 reaches node 15, not the declared next_hop 7 (gpu, node 7). Forwarding follows the port; next_hop looks stale.
Switch JSON: switch 1, flow 50: port 1 reaches node 15, not the declared next_hop 7 (gpu, node 7). Forwarding follows the port; next_hop looks stale.
Switch JSON: switch 1, flow 51: port 1 reaches node 15, not the declared next_hop 7 (gpu, node 7). Forwarding follows the port; next_hop looks stale.
Switch JSON: switch 1, flow 52: port 1 reaches node 15, not the declared next_hop 7 (gpu, node 7). Forwarding follows the port; next_hop looks stale.
Switch JSON: switch 1, flow 53: port 1 reaches node 15, not the declared next_hop 7 (gpu, node 7). Forwarding follows the port; next_hop looks stale.
Switch JSON: switch 1, flow 54: port 1 reaches node 15, not the declared next_hop 7 (gpu, node 7). Forwarding follows the port; next_hop looks stale.
Switch JSON: switch 1, flow 64: port 0 reaches node 14, not the declared next_hop 4 (gpu, node 4). Forwarding follows the port; next_hop looks stale.
Switch JSON: switch 1, flow 65: port 0 reaches node 14, not the declared next_hop 4 (gpu, node 4). Forwarding follows the port; next_hop looks stale.
Switch JSON: switch 1, flow 66: port 0 reaches node 14, not the declared next_hop 4 (gpu, node 4). Forwarding follows the port; next_hop looks stale.
Switch JSON: switch 1, flow 67: port 0 reaches node 14, not the declared next_hop 4 (gpu, node 4). Forwarding follows the port; next_hop looks stale.
Switch JSON: switch 1, flow 68: port 0 reaches node 14, not the declared next_hop 5 (gpu, node 5). Forwarding follows the port; next_hop looks stale.
Switch JSON: switch 1, flow 69: port 0 reaches node 14, not the declared next_hop 5 (gpu, node 5). Forwarding follows the port; next_hop looks stale.
Switch JSON: switch 1, flow 70: port 0 reaches node 14, not the declared next_hop 5 (gpu, node 5). Forwarding follows the port; next_hop looks stale.
Switch JSON: switch 1, flow 71: port 0 reaches node 14, not the declared next_hop 5 (gpu, node 5). Forwarding follows the port; next_hop looks stale.
Switch JSON: switch 1, flow 72: port 1 reaches node 15, not the declared next_hop 6 (gpu, node 6). Forwarding follows the port; next_hop looks stale.
Switch JSON: switch 1, flow 73: port 1 reaches node 15, not the declared next_hop 6 (gpu, node 6). Forwarding follows the port; next_hop looks stale.
Switch JSON: switch 1, flow 74: port 1 reaches node 15, not the declared next_hop 6 (gpu, node 6). Forwarding follows the port; next_hop looks stale.
Switch JSON: switch 1, flow 75: port 1 reaches node 15, not the declared next_hop 6 (gpu, node 6). Forwarding follows the port; next_hop looks stale.
Switch JSON: switch 1, flow 76: port 1 reaches node 15, not the declared next_hop 7 (gpu, node 7). Forwarding follows the port; next_hop looks stale.
Switch JSON: switch 1, flow 77: port 1 reaches node 15, not the declared next_hop 7 (gpu, node 7). Forwarding follows the port; next_hop looks stale.
Switch JSON: switch 1, flow 78: port 1 reaches node 15, not the declared next_hop 7 (gpu, node 7). Forwarding follows the port; next_hop looks stale.
Switch JSON: switch 1, flow 79: port 1 reaches node 15, not the declared next_hop 7 (gpu, node 7). Forwarding follows the port; next_hop looks stale.
Switch JSON: pinned the scheduled egress NIC on 0 RDMA connection(s); 0 left unpinned due to conflicting plane assignments.
Skipping correctness check.
Done simulation
