Topology: mini_2g1n (8 GPUs, 4 switches, 4 host switches)
NIC selection: schedule-pinned (one qp per connection)
Network flow ids: on (custom headers + per-flow switch forwarding)
Network deps (netdepid/netdeps): honored
Remote deps (remotedep/remotenotify): honored
Algorithm XML: /data/commit/graphit/wangyj05/workspace/ns-3-alibabacloud/simulation/build/scratch/../../scratch/xml_input/mini_2g1n_a2a.xml
Switch queue trace: /data/commit/graphit/wangyj05/workspace/ns-3-alibabacloud/simulation/build/scratch/../../scratch/logs/switch_qlen_sweep_mini_2gpu_1nic_ack_all+sync_16KB.csv
Switch peak-queue summary: /data/commit/graphit/wangyj05/workspace/ns-3-alibabacloud/simulation/build/scratch/../../scratch/logs/switch_qlen_max_sweep_mini_2gpu_1nic_ack_all+sync_16KB.csv
Switch drop/PFC trace: /data/commit/graphit/wangyj05/workspace/ns-3-alibabacloud/simulation/build/scratch/../../scratch/logs/switch_events_sweep_mini_2gpu_1nic_ack_all+sync_16KB.csv
Total simulated time: 46962 nanoseconds
Simulator end (last event of any kind): 51192 nanoseconds
Switch port utilization: /data/commit/graphit/wangyj05/workspace/ns-3-alibabacloud/simulation/build/scratch/../../scratch/logs/switch_port_util_sweep_mini_2gpu_1nic_ack_all+sync_16KB.csv
Fabric end (last switch data dequeue): 45310 ns
Switch-to-switch data bytes over 8 ports: min 134656 / mean 134656 / max 134656 (max/mean 1)
Busiest switch port: sw 8 port 2 -> node 10, 21544 ns of data at line rate (47.5501% of fabric end)
Flow-forwarding rule coverage: 832 hit / 0 miss (100% of flow-id packets steered by the schedule)
Pacing diagnostic (MSCCL XML "rate" -> host shaper)
  messages posted: 328  with a rate: 328 (100.0%)  without: 0
    of those, one MTU or less (shaped only by the gap after): 320 (97.6%)
    requested rate, byte-weighted mean: 8.5 Gbps over 0.9 MB
  packets paced: 352 (0.9 MB), gap set by:
    the message's cap:      352 (100.0%), 0.9 MB, applied cap 8.5 Gbps
    cc rate (cap slack):    0 (0.0%)
    cc rate (no cap):       0 (0.0%)
    cc rate (message tail): 0 (0.0%)
  bytes shaped by the XML rate: 0.9 of 0.9 MB (100.0%)
Ack requests (AckReq) over 352 data packets: 328 closing a message, 0 filling the window (0.00% of packets)
alltoall algorithm bandwidth: 22.3282 GB/s
Algorithm XML: honoring 228 network dependence(s) and 0 epoch-pacing depid(s) over 328 send step(s); 0 remote gate(s) fed by 0 remote notification(s) (enforced only with HonorRemoteDeps).
Switch JSON: switch 0, flow 1: port 0 reaches node 12, not the declared next_hop 0 (gpu, node 0). Forwarding follows the port; next_hop looks stale.
Switch JSON: switch 0, flow 10: port 0 reaches node 12, not the declared next_hop 1 (gpu, node 1). Forwarding follows the port; next_hop looks stale.
Switch JSON: switch 0, flow 11: port 0 reaches node 12, not the declared next_hop 1 (gpu, node 1). Forwarding follows the port; next_hop looks stale.
Switch JSON: switch 0, flow 12: port 0 reaches node 12, not the declared next_hop 1 (gpu, node 1). Forwarding follows the port; next_hop looks stale.
Switch JSON: switch 0, flow 13: port 0 reaches node 12, not the declared next_hop 1 (gpu, node 1). Forwarding follows the port; next_hop looks stale.
Switch JSON: switch 0, flow 14: port 1 reaches node 13, not the declared next_hop 2 (gpu, node 2). Forwarding follows the port; next_hop looks stale.
Switch JSON: switch 0, flow 15: port 1 reaches node 13, not the declared next_hop 2 (gpu, node 2). Forwarding follows the port; next_hop looks stale.
Switch JSON: switch 0, flow 17: port 1 reaches node 13, not the declared next_hop 2 (gpu, node 2). Forwarding follows the port; next_hop looks stale.
Switch JSON: switch 0, flow 18: port 1 reaches node 13, not the declared next_hop 2 (gpu, node 2). Forwarding follows the port; next_hop looks stale.
Switch JSON: switch 0, flow 19: port 1 reaches node 13, not the declared next_hop 2 (gpu, node 2). Forwarding follows the port; next_hop looks stale.
Switch JSON: switch 0, flow 2: port 0 reaches node 12, not the declared next_hop 0 (gpu, node 0). Forwarding follows the port; next_hop looks stale.
Switch JSON: switch 0, flow 20: port 1 reaches node 13, not the declared next_hop 2 (gpu, node 2). Forwarding follows the port; next_hop looks stale.
Switch JSON: switch 0, flow 21: port 1 reaches node 13, not the declared next_hop 3 (gpu, node 3). Forwarding follows the port; next_hop looks stale.
Switch JSON: switch 0, flow 22: port 1 reaches node 13, not the declared next_hop 3 (gpu, node 3). Forwarding follows the port; next_hop looks stale.
Switch JSON: switch 0, flow 24: port 1 reaches node 13, not the declared next_hop 3 (gpu, node 3). Forwarding follows the port; next_hop looks stale.
Switch JSON: switch 0, flow 25: port 1 reaches node 13, not the declared next_hop 3 (gpu, node 3). Forwarding follows the port; next_hop looks stale.
Switch JSON: switch 0, flow 26: port 1 reaches node 13, not the declared next_hop 3 (gpu, node 3). Forwarding follows the port; next_hop looks stale.
Switch JSON: switch 0, flow 27: port 1 reaches node 13, not the declared next_hop 3 (gpu, node 3). Forwarding follows the port; next_hop looks stale.
Switch JSON: switch 0, flow 3: port 0 reaches node 12, not the declared next_hop 0 (gpu, node 0). Forwarding follows the port; next_hop looks stale.
Switch JSON: switch 0, flow 4: port 0 reaches node 12, not the declared next_hop 0 (gpu, node 0). Forwarding follows the port; next_hop looks stale.
Switch JSON: switch 0, flow 5: port 0 reaches node 12, not the declared next_hop 0 (gpu, node 0). Forwarding follows the port; next_hop looks stale.
Switch JSON: switch 0, flow 56: port 0 reaches node 12, not the declared next_hop 0 (gpu, node 0). Forwarding follows the port; next_hop looks stale.
Switch JSON: switch 0, flow 57: port 0 reaches node 12, not the declared next_hop 0 (gpu, node 0). Forwarding follows the port; next_hop looks stale.
Switch JSON: switch 0, flow 58: port 0 reaches node 12, not the declared next_hop 1 (gpu, node 1). Forwarding follows the port; next_hop looks stale.
Switch JSON: switch 0, flow 59: port 0 reaches node 12, not the declared next_hop 1 (gpu, node 1). Forwarding follows the port; next_hop looks stale.
Switch JSON: switch 0, flow 6: port 0 reaches node 12, not the declared next_hop 0 (gpu, node 0). Forwarding follows the port; next_hop looks stale.
Switch JSON: switch 0, flow 60: port 1 reaches node 13, not the declared next_hop 2 (gpu, node 2). Forwarding follows the port; next_hop looks stale.
Switch JSON: switch 0, flow 61: port 1 reaches node 13, not the declared next_hop 2 (gpu, node 2). Forwarding follows the port; next_hop looks stale.
Switch JSON: switch 0, flow 62: port 1 reaches node 13, not the declared next_hop 3 (gpu, node 3). Forwarding follows the port; next_hop looks stale.
Switch JSON: switch 0, flow 63: port 1 reaches node 13, not the declared next_hop 3 (gpu, node 3). Forwarding follows the port; next_hop looks stale.
Switch JSON: switch 0, flow 8: port 0 reaches node 12, not the declared next_hop 1 (gpu, node 1). Forwarding follows the port; next_hop looks stale.
Switch JSON: switch 0, flow 9: port 0 reaches node 12, not the declared next_hop 1 (gpu, node 1). Forwarding follows the port; next_hop looks stale.
Switch JSON: switch 1, flow 28: port 0 reaches node 14, not the declared next_hop 4 (gpu, node 4). Forwarding follows the port; next_hop looks stale.
Switch JSON: switch 1, flow 29: port 0 reaches node 14, not the declared next_hop 4 (gpu, node 4). Forwarding follows the port; next_hop looks stale.
Switch JSON: switch 1, flow 30: port 0 reaches node 14, not the declared next_hop 4 (gpu, node 4). Forwarding follows the port; next_hop looks stale.
Switch JSON: switch 1, flow 31: port 0 reaches node 14, not the declared next_hop 4 (gpu, node 4). Forwarding follows the port; next_hop looks stale.
Switch JSON: switch 1, flow 33: port 0 reaches node 14, not the declared next_hop 4 (gpu, node 4). Forwarding follows the port; next_hop looks stale.
Switch JSON: switch 1, flow 34: port 0 reaches node 14, not the declared next_hop 4 (gpu, node 4). Forwarding follows the port; next_hop looks stale.
Switch JSON: switch 1, flow 35: port 0 reaches node 14, not the declared next_hop 5 (gpu, node 5). Forwarding follows the port; next_hop looks stale.
Switch JSON: switch 1, flow 36: port 0 reaches node 14, not the declared next_hop 5 (gpu, node 5). Forwarding follows the port; next_hop looks stale.
Switch JSON: switch 1, flow 37: port 0 reaches node 14, not the declared next_hop 5 (gpu, node 5). Forwarding follows the port; next_hop looks stale.
Switch JSON: switch 1, flow 38: port 0 reaches node 14, not the declared next_hop 5 (gpu, node 5). Forwarding follows the port; next_hop looks stale.
Switch JSON: switch 1, flow 40: port 0 reaches node 14, not the declared next_hop 5 (gpu, node 5). Forwarding follows the port; next_hop looks stale.
Switch JSON: switch 1, flow 41: port 0 reaches node 14, not the declared next_hop 5 (gpu, node 5). Forwarding follows the port; next_hop looks stale.
Switch JSON: switch 1, flow 42: port 1 reaches node 15, not the declared next_hop 6 (gpu, node 6). Forwarding follows the port; next_hop looks stale.
Switch JSON: switch 1, flow 43: port 1 reaches node 15, not the declared next_hop 6 (gpu, node 6). Forwarding follows the port; next_hop looks stale.
Switch JSON: switch 1, flow 44: port 1 reaches node 15, not the declared next_hop 6 (gpu, node 6). Forwarding follows the port; next_hop looks stale.
Switch JSON: switch 1, flow 45: port 1 reaches node 15, not the declared next_hop 6 (gpu, node 6). Forwarding follows the port; next_hop looks stale.
Switch JSON: switch 1, flow 46: port 1 reaches node 15, not the declared next_hop 6 (gpu, node 6). Forwarding follows the port; next_hop looks stale.
Switch JSON: switch 1, flow 47: port 1 reaches node 15, not the declared next_hop 6 (gpu, node 6). Forwarding follows the port; next_hop looks stale.
Switch JSON: switch 1, flow 49: port 1 reaches node 15, not the declared next_hop 7 (gpu, node 7). Forwarding follows the port; next_hop looks stale.
Switch JSON: switch 1, flow 50: port 1 reaches node 15, not the declared next_hop 7 (gpu, node 7). Forwarding follows the port; next_hop looks stale.
Switch JSON: switch 1, flow 51: port 1 reaches node 15, not the declared next_hop 7 (gpu, node 7). Forwarding follows the port; next_hop looks stale.
Switch JSON: switch 1, flow 52: port 1 reaches node 15, not the declared next_hop 7 (gpu, node 7). Forwarding follows the port; next_hop looks stale.
Switch JSON: switch 1, flow 53: port 1 reaches node 15, not the declared next_hop 7 (gpu, node 7). Forwarding follows the port; next_hop looks stale.
Switch JSON: switch 1, flow 54: port 1 reaches node 15, not the declared next_hop 7 (gpu, node 7). Forwarding follows the port; next_hop looks stale.
Switch JSON: switch 1, flow 64: port 0 reaches node 14, not the declared next_hop 4 (gpu, node 4). Forwarding follows the port; next_hop looks stale.
Switch JSON: switch 1, flow 65: port 0 reaches node 14, not the declared next_hop 4 (gpu, node 4). Forwarding follows the port; next_hop looks stale.
Switch JSON: switch 1, flow 66: port 0 reaches node 14, not the declared next_hop 4 (gpu, node 4). Forwarding follows the port; next_hop looks stale.
Switch JSON: switch 1, flow 67: port 0 reaches node 14, not the declared next_hop 4 (gpu, node 4). Forwarding follows the port; next_hop looks stale.
Switch JSON: switch 1, flow 68: port 0 reaches node 14, not the declared next_hop 5 (gpu, node 5). Forwarding follows the port; next_hop looks stale.
Switch JSON: switch 1, flow 69: port 0 reaches node 14, not the declared next_hop 5 (gpu, node 5). Forwarding follows the port; next_hop looks stale.
Switch JSON: switch 1, flow 70: port 0 reaches node 14, not the declared next_hop 5 (gpu, node 5). Forwarding follows the port; next_hop looks stale.
Switch JSON: switch 1, flow 71: port 0 reaches node 14, not the declared next_hop 5 (gpu, node 5). Forwarding follows the port; next_hop looks stale.
Switch JSON: switch 1, flow 72: port 1 reaches node 15, not the declared next_hop 6 (gpu, node 6). Forwarding follows the port; next_hop looks stale.
Switch JSON: switch 1, flow 73: port 1 reaches node 15, not the declared next_hop 6 (gpu, node 6). Forwarding follows the port; next_hop looks stale.
Switch JSON: switch 1, flow 74: port 1 reaches node 15, not the declared next_hop 6 (gpu, node 6). Forwarding follows the port; next_hop looks stale.
Switch JSON: switch 1, flow 75: port 1 reaches node 15, not the declared next_hop 6 (gpu, node 6). Forwarding follows the port; next_hop looks stale.
Switch JSON: switch 1, flow 76: port 1 reaches node 15, not the declared next_hop 7 (gpu, node 7). Forwarding follows the port; next_hop looks stale.
Switch JSON: switch 1, flow 77: port 1 reaches node 15, not the declared next_hop 7 (gpu, node 7). Forwarding follows the port; next_hop looks stale.
Switch JSON: switch 1, flow 78: port 1 reaches node 15, not the declared next_hop 7 (gpu, node 7). Forwarding follows the port; next_hop looks stale.
Switch JSON: switch 1, flow 79: port 1 reaches node 15, not the declared next_hop 7 (gpu, node 7). Forwarding follows the port; next_hop looks stale.
Switch JSON: pinned the scheduled egress NIC on 0 RDMA connection(s); 0 left unpinned due to conflicting plane assignments.
Skipping correctness check.
Done simulation
