Topology: mini_2g1n (8 GPUs, 4 switches, 4 host switches)
NIC selection: merged NIC (one qp per NIC, message split across them)
Network flow ids: off (no header on the wire, plain ECMP)
Network deps (netdepid/netdeps): skipped
Algorithm XML: /data/commit/graphit/wangyj05/workspace/ns-3-alibabacloud/simulation/build/scratch/../../scratch/xml_input/mini_2g1n_a2a_p2p_no_rate.xml
Switch queue trace: (rows off)
Switch peak-queue summary: /data/commit/graphit/wangyj05/workspace/ns-3-alibabacloud/simulation/build/scratch/../../scratch/logs/switch_qlen_max_sweep_mini_2gpu_1nic_ack_p2p_1GB.csv
Switch drop/PFC trace: /data/commit/graphit/wangyj05/workspace/ns-3-alibabacloud/simulation/build/scratch/../../scratch/logs/switch_events_sweep_mini_2gpu_1nic_ack_p2p_1GB.csv
Total simulated time: 2087379561 nanoseconds
Simulator end (last event of any kind): 2087383791 nanoseconds
Switch port utilization: /data/commit/graphit/wangyj05/workspace/ns-3-alibabacloud/simulation/build/scratch/../../scratch/logs/switch_port_util_sweep_mini_2gpu_1nic_ack_p2p_1GB.csv
Fabric end (last switch data dequeue): 2087377665 ns
Switch-to-switch data bytes over 8 ports: min 4349493248 / mean 8698986496 / max 13048479744 (max/mean 1.5)
Busiest switch port: sw 8 port 2 -> node 10, 2087756759 ns of data at line rate (100.018% of fabric end)
Pacing diagnostic (MSCCL XML "rate" -> host shaper)
  messages posted: 28672  with a rate: 0 (0.0%)  without: 28672
  packets paced: 14680064 (58072.0 MB), gap set by:
    the message's cap:      0 (0.0%), 0.0 MB
    cc rate (cap slack):    0 (0.0%)
    cc rate (no cap):       14680008 (100.0%)
    cc rate (message tail): 56 (0.0%)
  bytes shaped by the XML rate: 0.0 of 58072.0 MB (0.0%)
Ack requests (AckReq) over 14680064 data packets: 28672 closing a message, 2648719 filling the window (18.04% of packets)
alltoall algorithm bandwidth: 32.9214 GB/s
Algorithm XML: honoring 0 network dependence(s) over 56 send step(s). NOTE: no netdepid/netdeps found -- every send is released as soon as its data dependences allow, so a time-indexed schedule will not be paced as solved.
Skipping correctness check.
Done simulation
