Topology: mini_2g2n (8 GPUs, 4 switches, 4 host switches)
NIC selection: schedule-pinned (one qp per connection)
Network flow ids: on (custom headers + per-flow switch forwarding)
Network deps (netdepid/netdeps): honored
Remote deps (remotedep/remotenotify): honored
Algorithm XML: /data/commit/graphit/wangyj05/workspace/ns-3-alibabacloud/simulation/build/scratch/../../scratch/xml_input/mini_2g2n_a2a.xml
Switch queue trace: /data/commit/graphit/wangyj05/workspace/ns-3-alibabacloud/simulation/build/scratch/../../scratch/logs/switch_qlen_sweep_mini_2gpu_2nic_ack_all_64KB.csv
Switch peak-queue summary: /data/commit/graphit/wangyj05/workspace/ns-3-alibabacloud/simulation/build/scratch/../../scratch/logs/switch_qlen_max_sweep_mini_2gpu_2nic_ack_all_64KB.csv
Switch drop/PFC trace: /data/commit/graphit/wangyj05/workspace/ns-3-alibabacloud/simulation/build/scratch/../../scratch/logs/switch_events_sweep_mini_2gpu_2nic_ack_all_64KB.csv
Total simulated time: 91328 nanoseconds
Simulator end (last event of any kind): 94144 nanoseconds
Switch port utilization: /data/commit/graphit/wangyj05/workspace/ns-3-alibabacloud/simulation/build/scratch/../../scratch/logs/switch_port_util_sweep_mini_2gpu_2nic_ack_all_64KB.csv
Fabric end (last switch data dequeue): 90296 ns
Switch-to-switch data bytes over 8 ports: min 531456 / mean 531456 / max 531456 (max/mean 1)
Busiest switch port: sw 8 port 4 -> node 10, 42516 ns of data at line rate (47.0857% of fabric end)
Flow-forwarding rule coverage: 1792 hit / 0 miss (100% of flow-id packets steered by the schedule)
Pacing diagnostic (MSCCL XML "rate" -> host shaper)
  messages posted: 126  with a rate: 126 (100.0%)  without: 0
    of those, one MTU or less (shaped only by the gap after): 0 (0.0%)
    requested rate, byte-weighted mean: 44.4 Gbps over 3.5 MB
  packets paced: 896 (3.5 MB), gap set by:
    the message's cap:      832 (92.9%), 3.3 MB, applied cap 42.6 Gbps
    cc rate (cap slack):    64 (7.1%)
    cc rate (no cap):       0 (0.0%)
    cc rate (message tail): 0 (0.0%)
  bytes shaped by the XML rate: 3.3 of 3.5 MB (92.9%)
Ack requests (AckReq) over 896 data packets: 126 closing a message, 0 filling the window (0.00% of packets)
alltoall algorithm bandwidth: 45.9257 GB/s
Algorithm XML: honoring 86 network dependence(s) and 10 epoch-pacing depid(s) over 126 send step(s); 0 remote gate(s) fed by 0 remote notification(s) (enforced only with HonorRemoteDeps).
Switch JSON: pinned the scheduled egress NIC on 72 RDMA connection(s); 0 left unpinned due to conflicting plane assignments.
Skipping correctness check.
Done simulation
