Topology: mini_2g2n (8 GPUs, 4 switches, 4 host switches)
NIC selection: schedule-pinned (one qp per connection)
Network flow ids: on (custom headers + per-flow switch forwarding)
Network deps (netdepid/netdeps): skipped
Remote deps (remotedep/remotenotify): skipped
Algorithm XML: /data/commit/graphit/wangyj05/workspace/ns-3-alibabacloud/simulation/build/scratch/../../scratch/xml_input/mini_2g2n_a2a_no_rate.xml
Switch queue trace: /data/commit/graphit/wangyj05/workspace/ns-3-alibabacloud/simulation/build/scratch/../../scratch/logs/switch_qlen_sweep_mini_2gpu_2nic_ack_flowId+nic+sync_256KB.csv
Switch peak-queue summary: /data/commit/graphit/wangyj05/workspace/ns-3-alibabacloud/simulation/build/scratch/../../scratch/logs/switch_qlen_max_sweep_mini_2gpu_2nic_ack_flowId+nic+sync_256KB.csv
Switch drop/PFC trace: /data/commit/graphit/wangyj05/workspace/ns-3-alibabacloud/simulation/build/scratch/../../scratch/logs/switch_events_sweep_mini_2gpu_2nic_ack_flowId+nic+sync_256KB.csv
Total simulated time: 178040 nanoseconds
Simulator end (last event of any kind): 180856 nanoseconds
Switch port utilization: /data/commit/graphit/wangyj05/workspace/ns-3-alibabacloud/simulation/build/scratch/../../scratch/logs/switch_port_util_sweep_mini_2gpu_2nic_ack_flowId+nic+sync_256KB.csv
Fabric end (last switch data dequeue): 177008 ns
Switch-to-switch data bytes over 8 ports: min 2125824 / mean 2125824 / max 2125824 (max/mean 1)
Busiest switch port: sw 8 port 4 -> node 10, 170065 ns of data at line rate (96.0781% of fabric end)
Flow-forwarding rule coverage: 7168 hit / 0 miss (100% of flow-id packets steered by the schedule)
Pacing diagnostic (MSCCL XML "rate" -> host shaper)
  messages posted: 126  with a rate: 0 (0.0%)  without: 126
  packets paced: 3584 (14.2 MB), gap set by:
    the message's cap:      0 (0.0%), 0.0 MB
    cc rate (cap slack):    0 (0.0%)
    cc rate (no cap):       3504 (97.8%)
    cc rate (message tail): 80 (2.2%)
  bytes shaped by the XML rate: 0.0 of 14.2 MB (0.0%)
Ack requests (AckReq) over 3584 data packets: 126 closing a message, 5 filling the window (0.14% of packets)
alltoall algorithm bandwidth: 94.2328 GB/s
Algorithm XML: honoring 86 network dependence(s) and 10 epoch-pacing depid(s) over 126 send step(s); 0 remote gate(s) fed by 0 remote notification(s) (enforced only with HonorRemoteDeps).
Switch JSON: pinned the scheduled egress NIC on 72 RDMA connection(s); 0 left unpinned due to conflicting plane assignments.
Skipping correctness check.
Done simulation
