[0/2] Re-checking globbed directories...
ninja: no work to do.
Topology: mini_2g2n (8 GPUs, 4 switches, 4 host switches)
NIC selection: schedule-pinned (one qp per connection)
Network flow ids: on (custom headers + per-flow switch forwarding)
Network deps (netdepid/netdeps): skipped
Remote deps (remotedep/remotenotify): skipped
Algorithm XML: /data/commit/graphit/wangyj05/workspace/ns-3-alibabacloud/simulation/build/scratch/../../scratch/xml_input/mini_2g2n_a2a_no_rate.xml
Switch queue trace: (rows off)
Switch peak-queue summary: /data/commit/graphit/wangyj05/workspace/ns-3-alibabacloud/simulation/build/scratch/../../scratch/logs/switch_qlen_max_sweep_mini_2gpu_2nic_ack_flowId+nic+sync_1GB.csv
Switch drop/PFC trace: /data/commit/graphit/wangyj05/workspace/ns-3-alibabacloud/simulation/build/scratch/../../scratch/logs/switch_events_sweep_mini_2gpu_2nic_ack_flowId+nic+sync_1GB.csv
Total simulated time: 870271908 nanoseconds
Simulator end (last event of any kind): 870274724 nanoseconds
Switch port utilization: /data/commit/graphit/wangyj05/workspace/ns-3-alibabacloud/simulation/build/scratch/../../scratch/logs/switch_port_util_sweep_mini_2gpu_2nic_ack_flowId+nic+sync_1GB.csv
Fabric end (last switch data dequeue): 870270876 ns
Switch-to-switch data bytes over 8 ports: min 8707375104 / mean 8707375104 / max 8707375104 (max/mean 1)
Busiest switch port: sw 8 port 4 -> node 10, 696590008 ns of data at line rate (80.0429% of fabric end)
Flow-forwarding rule coverage: 29360128 hit / 0 miss (100% of flow-id packets steered by the schedule)
Pacing diagnostic (MSCCL XML "rate" -> host shaper)
  messages posted: 28672  with a rate: 0 (0.0%)  without: 28672
  packets paced: 14680064 (58128.0 MB), gap set by:
    the message's cap:      0 (0.0%), 0.0 MB
    cc rate (cap slack):    0 (0.0%)
    cc rate (no cap):       14671333 (99.9%)
    cc rate (message tail): 8731 (0.1%)
  bytes shaped by the XML rate: 0.0 of 58128.0 MB (0.0%)
Ack requests (AckReq) over 14680064 data packets: 28672 closing a message, 760139 filling the window (5.18% of packets)
alltoall algorithm bandwidth: 78.9632 GB/s
Algorithm XML: honoring 86 network dependence(s) and 10 epoch-pacing depid(s) over 126 send step(s); 0 remote gate(s) fed by 0 remote notification(s) (enforced only with HonorRemoteDeps).
Switch JSON: pinned the scheduled egress NIC on 72 RDMA connection(s); 0 left unpinned due to conflicting plane assignments.
Skipping correctness check.
Done simulation
