Topology: mini_2g2n (8 GPUs, 4 switches, 4 host switches)
NIC selection: schedule-pinned (one qp per connection)
Network flow ids: on (custom headers + per-flow switch forwarding)
Network deps (netdepid/netdeps): honored
Remote deps (remotedep/remotenotify): honored
Algorithm XML: /data/commit/graphit/wangyj05/workspace/ns-3-alibabacloud/simulation/build/scratch/../../scratch/xml_input/mini_2g2n_a2a.xml
Switch queue trace: (rows off)
Switch peak-queue summary: /data/commit/graphit/wangyj05/workspace/ns-3-alibabacloud/simulation/build/scratch/../../scratch/logs/switch_qlen_max_sweep_mini_2gpu_2nic_ack_all_256MB.csv
Switch drop/PFC trace: /data/commit/graphit/wangyj05/workspace/ns-3-alibabacloud/simulation/build/scratch/../../scratch/logs/switch_events_sweep_mini_2gpu_2nic_ack_all_256MB.csv
Total simulated time: 206466183 nanoseconds
Simulator end (last event of any kind): 206468999 nanoseconds
Switch port utilization: /data/commit/graphit/wangyj05/workspace/ns-3-alibabacloud/simulation/build/scratch/../../scratch/logs/switch_port_util_sweep_mini_2gpu_2nic_ack_all_256MB.csv
Fabric end (last switch data dequeue): 206465151 ns
Switch-to-switch data bytes over 8 ports: min 2176843776 / mean 2176843776 / max 2176843776 (max/mean 1)
Busiest switch port: sw 8 port 4 -> node 10, 174147502 ns of data at line rate (84.3472% of fabric end)
Flow-forwarding rule coverage: 7340032 hit / 0 miss (100% of flow-id packets steered by the schedule)
Pacing diagnostic (MSCCL XML "rate" -> host shaper)
  messages posted: 7168  with a rate: 7168 (100.0%)  without: 0
    of those, one MTU or less (shaped only by the gap after): 0 (0.0%)
    requested rate, byte-weighted mean: 44.4 Gbps over 14336.0 MB
  packets paced: 3670016 (14532.0 MB), gap set by:
    the message's cap:      3407872 (92.9%), 13494.0 MB, applied cap 42.6 Gbps
    cc rate (cap slack):    262144 (7.1%)
    cc rate (no cap):       0 (0.0%)
    cc rate (message tail): 0 (0.0%)
  bytes shaped by the XML rate: 13494.0 of 14532.0 MB (92.9%)
Ack requests (AckReq) over 3670016 data packets: 7168 closing a message, 190824 filling the window (5.20% of packets)
alltoall algorithm bandwidth: 83.2091 GB/s
Algorithm XML: honoring 86 network dependence(s) and 10 epoch-pacing depid(s) over 126 send step(s); 0 remote gate(s) fed by 0 remote notification(s) (enforced only with HonorRemoteDeps).
Switch JSON: pinned the scheduled egress NIC on 72 RDMA connection(s); 0 left unpinned due to conflicting plane assignments.
Skipping correctness check.
Done simulation
