Topology: mini_2g2n (8 GPUs, 4 switches, 4 host switches)
NIC selection: merged NIC (one qp per NIC, message split across them)
Network flow ids: off (no header on the wire, plain ECMP)
Network deps (netdepid/netdeps): skipped
Remote deps (remotedep/remotenotify): skipped
Algorithm XML: /data/commit/graphit/wangyj05/workspace/ns-3-alibabacloud/simulation/build/scratch/../../scratch/xml_input/mini_2g2n_a2a_no_rate.xml
Switch queue trace: /data/commit/graphit/wangyj05/workspace/ns-3-alibabacloud/simulation/build/scratch/../../scratch/logs/switch_qlen_sweep_mini_2gpu_2nic_ack_baseline+sync_16KB.csv
Switch peak-queue summary: /data/commit/graphit/wangyj05/workspace/ns-3-alibabacloud/simulation/build/scratch/../../scratch/logs/switch_qlen_max_sweep_mini_2gpu_2nic_ack_baseline+sync_16KB.csv
Switch drop/PFC trace: /data/commit/graphit/wangyj05/workspace/ns-3-alibabacloud/simulation/build/scratch/../../scratch/logs/switch_events_sweep_mini_2gpu_2nic_ack_baseline+sync_16KB.csv
Total simulated time: 15765 nanoseconds
Simulator end (last event of any kind): 18581 nanoseconds
Switch port utilization: /data/commit/graphit/wangyj05/workspace/ns-3-alibabacloud/simulation/build/scratch/../../scratch/logs/switch_port_util_sweep_mini_2gpu_2nic_ack_baseline+sync_16KB.csv
Fabric end (last switch data dequeue): 14734 ns
Switch-to-switch data bytes over 8 ports: min 116144 / mean 132736 / max 149328 (max/mean 1.125)
Busiest switch port: sw 9 port 4 -> node 10, 11946 ns of data at line rate (81.0794% of fabric end)
Pacing diagnostic (MSCCL XML "rate" -> host shaper)
  messages posted: 126  with a rate: 0 (0.0%)  without: 126
  packets paced: 224 (0.9 MB), gap set by:
    the message's cap:      0 (0.0%), 0.0 MB
    cc rate (cap slack):    0 (0.0%)
    cc rate (no cap):       142 (63.4%)
    cc rate (message tail): 82 (36.6%)
  bytes shaped by the XML rate: 0.0 of 0.9 MB (0.0%)
Ack requests (AckReq) over 224 data packets: 126 closing a message, 0 filling the window (0.00% of packets)
alltoall algorithm bandwidth: 66.5129 GB/s
Algorithm XML: honoring 86 network dependence(s) and 10 epoch-pacing depid(s) over 126 send step(s); 0 remote gate(s) fed by 0 remote notification(s) (enforced only with HonorRemoteDeps).
Skipping correctness check.
Done simulation
