Participants: 2 of 4 GPUs carry data (schedule mini_1g1n_1A_a2a.xml)
Per-NIC bandwidth trace: /data/commit/graphit/wangyj05/workspace/ns-3-alibabacloud/simulation/build/scratch/../../scratch/logs/host_nic_bw_sweep_mini_1gpu_1nic_1A_ack_rate_256MB.csv (every 100000 ns, 4 NICs)
Topology: mini_1g1n (4 GPUs, 4 switches, 0 host switches)
NIC selection: merged NIC (one qp per NIC, message split across them)
Network flow ids: off (no header on the wire, plain ECMP)
Network deps (netdepid/netdeps): skipped
Algorithm XML: /data/commit/graphit/wangyj05/workspace/ns-3-alibabacloud/simulation/build/scratch/../../scratch/xml_input/mini_1g1n_1A_a2a.xml
Switch queue trace: (rows off)
Switch peak-queue summary: /data/commit/graphit/wangyj05/workspace/ns-3-alibabacloud/simulation/build/scratch/../../scratch/logs/switch_qlen_max_sweep_mini_1gpu_1nic_1A_ack_rate_256MB.csv
Switch drop/PFC trace: /data/commit/graphit/wangyj05/workspace/ns-3-alibabacloud/simulation/build/scratch/../../scratch/logs/switch_events_sweep_mini_1gpu_1nic_1A_ack_rate_256MB.csv
Total simulated time: 49904762 nanoseconds
Simulator end (last event of any kind): 50000000 nanoseconds
Switch port utilization: /data/commit/graphit/wangyj05/workspace/ns-3-alibabacloud/simulation/build/scratch/../../scratch/logs/switch_port_util_sweep_mini_1gpu_1nic_1A_ack_rate_256MB.csv
Fabric end (last switch data dequeue): 49903731 ns
Switch-to-switch data bytes over 8 ports: min 0 / mean 135921664 / max 271843328 (max/mean 2)
Busiest switch port: sw 5 port 2 -> node 6, 43494932 ns of data at line rate (87.1577% of fabric end)
Pacing diagnostic (MSCCL XML "rate" -> host shaper)
  messages posted: 256  with a rate: 256 (100.0%)  without: 0
    of those, one MTU or less (shaped only by the gap after): 0 (0.0%)
    requested rate, byte-weighted mean: 50.0 Gbps over 512.0 MB
  packets paced: 131072 (518.5 MB), gap set by:
    the message's cap:      131072 (100.0%), 518.5 MB, applied cap 50.0 Gbps
    cc rate (cap slack):    0 (0.0%)
    cc rate (no cap):       0 (0.0%)
    cc rate (message tail): 0 (0.0%)
  bytes shaped by the XML rate: 518.5 of 518.5 MB (100.0%)
alltoall algorithm bandwidth: 21.5158 GB/s
Algorithm XML: honoring 0 network dependence(s) over 4 send step(s). NOTE: no netdepid/netdeps found -- every send is released as soon as its data dependences allow, so a time-indexed schedule will not be paced as solved.
Skipping correctness check.
Done simulation
