[0/2] Re-checking globbed directories...
[1/2] Re-running CMake...
-- Using default output directory /data/commit/graphit/wangyj05/workspace/ns-3-alibabacloud/simulation/build
-- [33mProceeding without cmake-format[0m
-- find_external_library: SQLite3 was found.
-- Some or all of the gtk libraries were not found. (missing: GTK3_GTK_LIBRARY GTK3_GTK_INCLUDE_DIR GTK3_GDK_INCLUDE_DIR GTK3_GDKCONFIG_INCLUDE_DIR GTK3_GDK_LIBRARY) 
-- [33mGTK3 was not found. Continuing without it.[0m
-- LibXML2 was found.
-- LibRT was found.
-- [33mVisualizer requires Python bindings[0m
-- [33mGSL was not found. Continuing without it.[0m
-- [33mdocs: doxygen documentation not enabled due to missing dependencies: dia[0m
-- Failed to locate sphinx-build executable (missing: SPHINX_EXECUTABLE) 
-- [33mdocs: sphinx documentation not enabled due to missing dependencies: Sphinx;epstopdf;pdflatex;latexmk;dvipng[0m
-- Precompiled headers were enabled
-- Processing src/antenna
-- Processing src/aodv
-- Processing src/applications
-- Processing src/bridge
-- Processing src/brite
-- [33mfind_external_library: brite was not found. Missing headers: "Brite.h" and missing libraries: "brite".[0m
-- [33mSkipping src/brite[0m
-- Processing src/buildings
-- Processing src/click
-- [33mfind_external_library: click was not found. Missing headers: "simclick.h" and missing libraries: "nsclick;click".[0m
-- [33mSkipping src/click[0m
-- Processing src/config-store
-- Processing src/core
-- Boost Units have been found.
-- Processing src/csma
-- Processing src/csma-layout
-- Processing src/distributed-ml
-- Processing src/dsdv
-- Processing src/dsr
-- Processing src/energy
-- Processing src/fd-net-device
-- Checking for module 'libdpdk'
--   Package 'libdpdk', required by 'virtual:world', not found
-- Processing src/flow-monitor
-- Processing src/internet
-- Processing src/internet-apps
-- Processing src/lr-wpan
-- Processing src/lte
-- Processing src/mesh
-- Processing src/mobility
-- Processing src/netanim
-- Processing src/network
-- Processing src/nix-vector-routing
-- Processing src/olsr
-- Processing src/openflow
-- [33mfind_external_library: openflow was not found. Missing headers: "openflow.h" and missing libraries: "openflow".[0m
-- [33mSkipping src/openflow[0m
-- Processing src/point-to-point
-- Processing src/point-to-point-layout
-- Processing src/propagation
-- Processing src/sixlowpan
-- Processing src/spectrum
-- Processing src/stats
-- Processing src/tap-bridge
-- Processing src/test
-- Processing src/topology-read
-- Processing src/traffic-control
-- Processing src/uan
-- Processing src/virtual-net-device
-- Processing src/wave
-- Processing src/wifi
-- Processing src/wimax
-- ---- Summary of optional ns-3 features:
Build profile                 : debug
Build directory               : /data/commit/graphit/wangyj05/workspace/ns-3-alibabacloud/simulation/build
BRITE Integration             : [31mOFF (missing dependency)[0m
DES Metrics event collection  : OFF (not requested)
DPDK NetDevice                : OFF (not requested)
Emulation FdNetDevice         : [32mON[0m
Examples                      : OFF (not requested)
File descriptor NetDevice     : [32mON[0m
GNU Scientific Library (GSL)  : [31mOFF (missing dependency)[0m
GtkConfigStore                : [31mOFF (missing dependency)[0m
LibXml2 support               : [32mON[0m
MPI Support                   : OFF (not requested)
Multithreaded Simulation      : OFF (not requested)
ns-3 Click Integration        : [31mOFF (missing dependency)[0m
ns-3 OpenFlow Integration     : [31mOFF (missing dependency)[0m
Netmap emulation FdNetDevice  : [31mOFF (missing dependency)[0m
PyViz visualizer              : [31mOFF (missing dependency)[0m
Python API Scanning Support   : OFF (not requested)
Python Bindings               : OFF (not requested)
Real Time Simulator           : [32mON[0m
SQLite support                : [32mON[0m
Tap Bridge                    : [32mON[0m
Tap FdNetDevice               : [32mON[0m
Tests                         : OFF (not requested)


Modules configured to be built:
antenna                   aodv                      applications              
bridge                    buildings                 config-store              
core                      csma                      csma-layout               
distributed-ml            dsdv                      dsr                       
energy                    fd-net-device             flow-monitor              
internet                  internet-apps             lr-wpan                   
lte                       mesh                      mobility                  
netanim                   network                   nix-vector-routing        
olsr                      point-to-point            point-to-point-layout     
propagation               sixlowpan                 spectrum                  
stats                     tap-bridge                topology-read             
traffic-control           uan                       virtual-net-device        
wave                      wifi                      wimax                     


Modules that cannot be built:
brite                     click                     mpi                       
mtp                       openflow                  p4                        
test                      visualizer                


-- Configuring done
-- Generating done
-- Build files have been written to: /data/commit/graphit/wangyj05/workspace/ns-3-alibabacloud/simulation/cmake-cache
[0/2] Re-checking globbed directories...
[1/12] Building CXX object src/point-to-point/CMakeFiles/libpoint-to-point-obj.dir/model/rdma-driver.cc.o
[2/12] Building CXX object src/applications/CMakeFiles/libapplications-obj.dir/model/rdma-client.cc.o
[3/12] Building CXX object src/point-to-point/CMakeFiles/libpoint-to-point-obj.dir/model/rdma-hw.cc.o
/data/commit/graphit/wangyj05/workspace/ns-3-alibabacloud/simulation/src/point-to-point/model/rdma-hw.cc: In member function ‘int ns3::RdmaHw::ReceiveUdp(ns3::Ptr<ns3::Packet>, ns3::CustomHeader&)’:
/data/commit/graphit/wangyj05/workspace/ns-3-alibabacloud/simulation/src/point-to-point/model/rdma-hw.cc:614:26: warning: unused variable ‘sid’ [-Wunused-variable]
  614 |                 uint32_t sid = (sip >> 8) & 0xffff;
      |                          ^~~
/data/commit/graphit/wangyj05/workspace/ns-3-alibabacloud/simulation/src/point-to-point/model/rdma-hw.cc: In member function ‘int ns3::RdmaHw::ReceiveCnp(ns3::Ptr<ns3::Packet>, ns3::CustomHeader&)’:
/data/commit/graphit/wangyj05/workspace/ns-3-alibabacloud/simulation/src/point-to-point/model/rdma-hw.cc:637:17: warning: unused variable ‘ecnbits’ [-Wunused-variable]
  637 |         uint8_t ecnbits = ch.cnp.ecnBits;
      |                 ^~~~~~~
/data/commit/graphit/wangyj05/workspace/ns-3-alibabacloud/simulation/src/point-to-point/model/rdma-hw.cc:638:18: warning: unused variable ‘qfb’ [-Wunused-variable]
  638 |         uint16_t qfb = ch.cnp.qfb;
      |                  ^~~
/data/commit/graphit/wangyj05/workspace/ns-3-alibabacloud/simulation/src/point-to-point/model/rdma-hw.cc:639:18: warning: unused variable ‘total’ [-Wunused-variable]
  639 |         uint16_t total = ch.cnp.total;
      |                  ^~~~~
/data/commit/graphit/wangyj05/workspace/ns-3-alibabacloud/simulation/src/point-to-point/model/rdma-hw.cc:641:18: warning: unused variable ‘i’ [-Wunused-variable]
  641 |         uint32_t i;
      |                  ^
/data/commit/graphit/wangyj05/workspace/ns-3-alibabacloud/simulation/src/point-to-point/model/rdma-hw.cc: In member function ‘int ns3::RdmaHw::ReceiveAck(ns3::Ptr<ns3::Packet>, ns3::CustomHeader&)’:
/data/commit/graphit/wangyj05/workspace/ns-3-alibabacloud/simulation/src/point-to-point/model/rdma-hw.cc:677:13: warning: unused variable ‘i’ [-Wunused-variable]
  677 |         int i;
      |             ^
/data/commit/graphit/wangyj05/workspace/ns-3-alibabacloud/simulation/src/point-to-point/model/rdma-hw.cc:723:18: warning: unused variable ‘sid’ [-Wunused-variable]
  723 |         uint32_t sid = (sip >> 8) & 0xffff;
      |                  ^~~
/data/commit/graphit/wangyj05/workspace/ns-3-alibabacloud/simulation/src/point-to-point/model/rdma-hw.cc: In member function ‘void ns3::RdmaHw::PrintHostBW(FILE*, uint32_t)’:
/data/commit/graphit/wangyj05/workspace/ns-3-alibabacloud/simulation/src/point-to-point/model/rdma-hw.cc:1162:26: warning: comparison of integer expressions of different signedness: ‘int’ and ‘std::vector<ns3::RdmaInterfaceMgr>::size_type’ {aka ‘long unsigned int’} [-Wsign-compare]
 1162 |         for(int i = 0; i < m_nic.size(); ++i){
      |                        ~~^~~~~~~~~~~~~~
/data/commit/graphit/wangyj05/workspace/ns-3-alibabacloud/simulation/src/point-to-point/model/rdma-hw.cc: In member function ‘void ns3::RdmaHw::PrintQPRate(FILE*)’:
/data/commit/graphit/wangyj05/workspace/ns-3-alibabacloud/simulation/src/point-to-point/model/rdma-hw.cc:1185:61: warning: format ‘%u’ expects argument of type ‘unsigned int’, but argument 8 has type ‘uint64_t’ {aka ‘long unsigned int’} [-Wformat=]
 1185 |                 fprintf(rate_output, "%lu, %u, %u, %u, %u, %u, %u\n", Simulator::Now().GetTimeStep(), qp->m_src, qp->m_dest, qp->sport, qp->dport, qp->m_size, qp->m_rate.GetBitRate());
      |                                                            ~^                                                                                      ~~~~~~~~~~
      |                                                             |                                                                                          |
      |                                                             unsigned int                                                                               uint64_t {aka long unsigned int}
      |                                                            %lu
/data/commit/graphit/wangyj05/workspace/ns-3-alibabacloud/simulation/src/point-to-point/model/rdma-hw.cc:1185:65: warning: format ‘%u’ expects argument of type ‘unsigned int’, but argument 9 has type ‘uint64_t’ {aka ‘long unsigned int’} [-Wformat=]
 1185 |                 fprintf(rate_output, "%lu, %u, %u, %u, %u, %u, %u\n", Simulator::Now().GetTimeStep(), qp->m_src, qp->m_dest, qp->sport, qp->dport, qp->m_size, qp->m_rate.GetBitRate());
      |                                                                ~^                                                                                              ~~~~~~~~~~~~~~~~~~~~~~~
      |                                                                 |                                                                                                                   |
      |                                                                 unsigned int                                                                                                        uint64_t {aka long unsigned int}
      |                                                                %lu
/data/commit/graphit/wangyj05/workspace/ns-3-alibabacloud/simulation/src/point-to-point/model/rdma-hw.cc: In member function ‘void ns3::RdmaHw::PrintQPCnpNumber(FILE*)’:
/data/commit/graphit/wangyj05/workspace/ns-3-alibabacloud/simulation/src/point-to-point/model/rdma-hw.cc:1200:68: warning: format ‘%u’ expects argument of type ‘unsigned int’, but argument 8 has type ‘uint64_t’ {aka ‘long unsigned int’} [-Wformat=]
 1200 |                         fprintf(cnp_output, "%lu, %u, %u, %u, %u, %u, %u\n", Simulator::Now().GetTimeStep(), qp->m_src, qp->m_dest, qp->sport, qp->dport, qp->m_size, qp_cnp[key]);
      |                                                                   ~^                                                                                      ~~~~~~~~~~
      |                                                                    |                                                                                          |
      |                                                                    unsigned int                                                                               uint64_t {aka long unsigned int}
      |                                                                   %lu
/data/commit/graphit/wangyj05/workspace/ns-3-alibabacloud/simulation/src/point-to-point/model/rdma-hw.cc: In member function ‘void ns3::RdmaHw::UpdateRateHp(ns3::Ptr<ns3::RdmaQueuePair>, ns3::Ptr<ns3::Packet>, ns3::CustomHeader&, bool)’:
/data/commit/graphit/wangyj05/workspace/ns-3-alibabacloud/simulation/src/point-to-point/model/rdma-hw.cc:1368:30: warning: unused variable ‘inStable’ [-Wunused-variable]
 1368 |                         bool inStable = false;
      |                              ^~~~~~~~
/data/commit/graphit/wangyj05/workspace/ns-3-alibabacloud/simulation/src/point-to-point/model/rdma-hw.cc:1347:14: warning: unused variable ‘print’ [-Wunused-variable]
 1347 |         bool print = !fast_react || true;
      |              ^~~~~
/data/commit/graphit/wangyj05/workspace/ns-3-alibabacloud/simulation/src/point-to-point/model/rdma-hw.cc: In member function ‘void ns3::RdmaHw::UpdateRateTimely(ns3::Ptr<ns3::RdmaQueuePair>, ns3::Ptr<ns3::Packet>, ns3::CustomHeader&, bool)’:
/data/commit/graphit/wangyj05/workspace/ns-3-alibabacloud/simulation/src/point-to-point/model/rdma-hw.cc:1526:14: warning: unused variable ‘print’ [-Wunused-variable]
 1526 |         bool print = !us;
      |              ^~~~~
/data/commit/graphit/wangyj05/workspace/ns-3-alibabacloud/simulation/src/point-to-point/model/rdma-hw.cc: In member function ‘void ns3::RdmaHw::HandleAckHpPint(ns3::Ptr<ns3::RdmaQueuePair>, ns3::Ptr<ns3::Packet>, ns3::CustomHeader&)’:
/data/commit/graphit/wangyj05/workspace/ns-3-alibabacloud/simulation/src/point-to-point/model/rdma-hw.cc:1651:27: warning: comparison of integer expressions of different signedness: ‘int’ and ‘uint32_t’ {aka ‘unsigned int’} [-Wsign-compare]
 1651 |        if (rand() % 65536 >= pint_smpl_thresh)
      |            ~~~~~~~~~~~~~~~^~~~~~~~~~~~~~~~~~~
[4/12] Building CXX object src/distributed-ml/CMakeFiles/libdistributed-ml-obj.dir/helper/rdma-fabric-helper.cc.o
[5/12] Building CXX object src/distributed-ml/CMakeFiles/libdistributed-ml-obj.dir/helper/collectives-helper.cc.o
[6/12] Building CXX object src/distributed-ml/CMakeFiles/libdistributed-ml-obj.dir/model/collective-tests.cc.o
[7/12] Linking CXX shared library ../build/lib/libns3.36.1-applications-debug.so
[8/12] Building CXX object scratch/CMakeFiles/scratch_mini_1gpu_1nic.dir/mini_1gpu_1nic.cc.o
In file included from /data/commit/graphit/wangyj05/workspace/ns-3-alibabacloud/simulation/build/include/ns3/point-to-point-module.h:8,
                 from /data/commit/graphit/wangyj05/workspace/ns-3-alibabacloud/simulation/scratch/mini_harness.h:28,
                 from /data/commit/graphit/wangyj05/workspace/ns-3-alibabacloud/simulation/scratch/mini_1gpu_1nic.cc:28:
/data/commit/graphit/wangyj05/workspace/ns-3-alibabacloud/simulation/build/include/ns3/sim-setting.h: In member function ‘void SimSetting::Serialize(FILE*)’:
/data/commit/graphit/wangyj05/workspace/ns-3-alibabacloud/simulation/build/include/ns3/sim-setting.h:19:35: warning: variable ‘j’ set but not used [-Wunused-but-set-variable]
   19 |                         for (auto j : i.second)
      |                                   ^
[9/12] Linking CXX shared library ../build/lib/libns3.36.1-point-to-point-debug.so
[10/12] Building CXX object src/distributed-ml/CMakeFiles/libdistributed-ml-obj.dir/model/collectives.cc.o
[11/12] Linking CXX shared library ../build/lib/libns3.36.1-distributed-ml-debug.so
[12/12] Linking CXX executable ../build/scratch/ns3.36.1-mini_1gpu_1nic-debug
Participants: 2 of 4 GPUs carry data (schedule mini_1g1n_1A_a2a_milp_no_rate.xml)
Per-NIC bandwidth trace: /data/commit/graphit/wangyj05/workspace/ns-3-alibabacloud/simulation/build/scratch/../../scratch/logs/host_nic_bw_sweep_mini_1gpu_1nic_1A_ack_milp_4KB.csv (every 100 ns, 4 NICs)
Topology: mini_1g1n (4 GPUs, 4 switches, 0 host switches)
NIC selection: merged NIC (one qp per NIC, message split across them)
Network flow ids: off (no header on the wire, plain ECMP)
Network deps (netdepid/netdeps): skipped
Algorithm XML: /data/commit/graphit/wangyj05/workspace/ns-3-alibabacloud/simulation/build/scratch/../../scratch/xml_input/mini_1g1n_1A_a2a_milp_no_rate.xml
Switch queue trace: /data/commit/graphit/wangyj05/workspace/ns-3-alibabacloud/simulation/build/scratch/../../scratch/logs/switch_qlen_sweep_mini_1gpu_1nic_1A_ack_milp_4KB.csv
Switch peak-queue summary: /data/commit/graphit/wangyj05/workspace/ns-3-alibabacloud/simulation/build/scratch/../../scratch/logs/switch_qlen_max_sweep_mini_1gpu_1nic_1A_ack_milp_4KB.csv
Switch drop/PFC trace: /data/commit/graphit/wangyj05/workspace/ns-3-alibabacloud/simulation/build/scratch/../../scratch/logs/switch_events_sweep_mini_1gpu_1nic_1A_ack_milp_4KB.csv
Total simulated time: 4788 nanoseconds
Simulator end (last event of any kind): 7700 nanoseconds
Switch port utilization: /data/commit/graphit/wangyj05/workspace/ns-3-alibabacloud/simulation/build/scratch/../../scratch/logs/switch_port_util_sweep_mini_1gpu_1nic_1A_ack_milp_4KB.csv
Fabric end (last switch data dequeue): 3757 ns
Switch-to-switch data bytes over 8 ports: min 0 / mean 2074 / max 4148 (max/mean 2)
Busiest switch port: sw 4 port 3 -> node 7, 663 ns of data at line rate (17.6652% of fabric end)
Pacing diagnostic (MSCCL XML "rate" -> host shaper)
  messages posted: 2  with a rate: 0 (0.0%)  without: 2
  packets paced: 2 (0.0 MB), gap set by:
    the message's cap:      0 (0.0%), 0.0 MB
    cc rate (cap slack):    0 (0.0%)
    cc rate (no cap):       0 (0.0%)
    cc rate (message tail): 2 (100.0%)
  bytes shaped by the XML rate: 0.0 of 0.0 MB (0.0%)
Ack requests (AckReq) over 2 data packets: 2 closing a message, 0 filling the window (0.00% of packets)
alltoall algorithm bandwidth: 3.42189 GB/s
-- GLOB mismatch!
Algorithm XML: honoring 0 network dependence(s) over 2 send step(s). NOTE: no netdepid/netdeps found -- every send is released as soon as its data dependences allow, so a time-indexed schedule will not be paced as solved.
Skipping correctness check.
Done simulation
