Participants: 2 of 4 GPUs carry data (schedule mini_1g1n_1A_a2a_milp_no_rate.xml)
Per-NIC bandwidth trace: /data/commit/graphit/wangyj05/workspace/ns-3-alibabacloud/simulation/build/scratch/../../scratch/logs/host_nic_bw_sweep_mini_1gpu_1nic_1A_ack_milp_1MB.csv (every 500 ns, 4 NICs)
Topology: mini_1g1n (4 GPUs, 4 switches, 0 host switches)
NIC selection: merged NIC (one qp per NIC, message split across them)
Network flow ids: off (no header on the wire, plain ECMP)
Network deps (netdepid/netdeps): skipped
Algorithm XML: /data/commit/graphit/wangyj05/workspace/ns-3-alibabacloud/simulation/build/scratch/../../scratch/xml_input/mini_1g1n_1A_a2a_milp_no_rate.xml
Switch queue trace: /data/commit/graphit/wangyj05/workspace/ns-3-alibabacloud/simulation/build/scratch/../../scratch/logs/switch_qlen_sweep_mini_1gpu_1nic_1A_ack_milp_1MB.csv
Switch peak-queue summary: /data/commit/graphit/wangyj05/workspace/ns-3-alibabacloud/simulation/build/scratch/../../scratch/logs/switch_qlen_max_sweep_mini_1gpu_1nic_1A_ack_milp_1MB.csv
Switch drop/PFC trace: /data/commit/graphit/wangyj05/workspace/ns-3-alibabacloud/simulation/build/scratch/../../scratch/logs/switch_events_sweep_mini_1gpu_1nic_1A_ack_milp_1MB.csv
Total simulated time: 307122 nanoseconds
Simulator end (last event of any kind): 310000 nanoseconds
Switch port utilization: /data/commit/graphit/wangyj05/workspace/ns-3-alibabacloud/simulation/build/scratch/../../scratch/logs/switch_port_util_sweep_mini_1gpu_1nic_1A_ack_milp_1MB.csv
Fabric end (last switch data dequeue): 306091 ns
Switch-to-switch data bytes over 8 ports: min 0 / mean 530944 / max 1061888 (max/mean 2)
Busiest switch port: sw 4 port 3 -> node 7, 169902 ns of data at line rate (55.507% of fabric end)
Pacing diagnostic (MSCCL XML "rate" -> host shaper)
  messages posted: 2  with a rate: 0 (0.0%)  without: 2
  packets paced: 512 (2.0 MB), gap set by:
    the message's cap:      0 (0.0%), 0.0 MB
    cc rate (cap slack):    0 (0.0%)
    cc rate (no cap):       510 (99.6%)
    cc rate (message tail): 2 (0.4%)
  bytes shaped by the XML rate: 0.0 of 2.0 MB (0.0%)
alltoall algorithm bandwidth: 13.6568 GB/s
Algorithm XML: honoring 0 network dependence(s) over 2 send step(s). NOTE: no netdepid/netdeps found -- every send is released as soon as its data dependences allow, so a time-indexed schedule will not be paced as solved.
Skipping correctness check.
Done simulation
