Participants: 4 of 8 GPUs carry data (schedule mini_2g1n_2B_a2a_no_rate.xml)
Per-NIC bandwidth trace: /data/commit/graphit/wangyj05/workspace/ns-3-alibabacloud/simulation/build/scratch/../../scratch/logs/host_nic_bw_sweep_mini_2gpu_1nic_2B_ack_baseline_4KB.csv (every 100 ns, 8 NICs)
Topology: mini_2g1n (8 GPUs, 4 switches, 4 host switches)
NIC selection: merged NIC (one qp per NIC, message split across them)
Network flow ids: off (no header on the wire, plain ECMP)
Network deps (netdepid/netdeps): skipped
Algorithm XML: /data/commit/graphit/wangyj05/workspace/ns-3-alibabacloud/simulation/build/scratch/../../scratch/xml_input/mini_2g1n_2B_a2a_no_rate.xml
Switch queue trace: /data/commit/graphit/wangyj05/workspace/ns-3-alibabacloud/simulation/build/scratch/../../scratch/logs/switch_qlen_sweep_mini_2gpu_1nic_2B_ack_baseline_4KB.csv
Switch peak-queue summary: /data/commit/graphit/wangyj05/workspace/ns-3-alibabacloud/simulation/build/scratch/../../scratch/logs/switch_qlen_max_sweep_mini_2gpu_1nic_2B_ack_baseline_4KB.csv
Switch drop/PFC trace: /data/commit/graphit/wangyj05/workspace/ns-3-alibabacloud/simulation/build/scratch/../../scratch/logs/switch_events_sweep_mini_2gpu_1nic_2B_ack_baseline_4KB.csv
Total simulated time: 7127 nanoseconds
Simulator end (last event of any kind): 11400 nanoseconds
Switch port utilization: /data/commit/graphit/wangyj05/workspace/ns-3-alibabacloud/simulation/build/scratch/../../scratch/logs/switch_port_util_sweep_mini_2gpu_1nic_2B_ack_baseline_4KB.csv
Fabric end (last switch data dequeue): 5475 ns
Switch-to-switch data bytes over 8 ports: min 4200 / mean 6300 / max 8400 (max/mean 1.33333)
Busiest switch port: sw 8 port 3 -> node 11, 1344 ns of data at line rate (24.5479% of fabric end)
Pacing diagnostic (MSCCL XML "rate" -> host shaper)
  messages posted: 18  with a rate: 0 (0.0%)  without: 18
  packets paced: 18 (0.0 MB), gap set by:
    the message's cap:      0 (0.0%), 0.0 MB
    cc rate (cap slack):    0 (0.0%)
    cc rate (no cap):       0 (0.0%)
    cc rate (message tail): 18 (100.0%)
  bytes shaped by the XML rate: 0.0 of 0.0 MB (0.0%)
alltoall algorithm bandwidth: 9.19545 GB/s
Algorithm XML: honoring 8 network dependence(s) over 18 send step(s).
Skipping correctness check.
Done simulation
