Participants: 4 of 8 GPUs carry data (schedule mini_2g1n_2B_a2a_no_rate.xml)
Topology: mini_2g1n (8 GPUs, 4 switches, 4 host switches)
NIC selection: merged NIC (one qp per NIC, message split across them)
Network flow ids: off (no header on the wire, plain ECMP)
Network deps (netdepid/netdeps): skipped
Algorithm XML: /data/commit/graphit/wangyj05/workspace/ns-3-alibabacloud/simulation/build/scratch/../../scratch/xml_input/mini_2g1n_2B_a2a_no_rate.xml
Switch queue trace: (rows off)
Switch peak-queue summary: /data/commit/graphit/wangyj05/workspace/ns-3-alibabacloud/simulation/build/scratch/../../scratch/logs/switch_qlen_max_sweep_mini_2gpu_1nic_2B_ack_baseline+sync_1GB.csv
Switch drop/PFC trace: /data/commit/graphit/wangyj05/workspace/ns-3-alibabacloud/simulation/build/scratch/../../scratch/logs/switch_events_sweep_mini_2gpu_1nic_2B_ack_baseline+sync_1GB.csv
Total simulated time: 460038540 nanoseconds
Simulator end (last event of any kind): 460041352 nanoseconds
Switch port utilization: /data/commit/graphit/wangyj05/workspace/ns-3-alibabacloud/simulation/build/scratch/../../scratch/logs/switch_port_util_sweep_mini_2gpu_1nic_2B_ack_baseline+sync_1GB.csv
Fabric end (last switch data dequeue): 460036644 ns
Switch-to-switch data bytes over 8 ports: min 1087373312 / mean 1631059968 / max 2174746624 (max/mean 1.33333)
Busiest switch port: sw 8 port 1 -> node 13, 347959459 ns of data at line rate (75.6373% of fabric end)
Pacing diagnostic (MSCCL XML "rate" -> host shaper)
  messages posted: 6144  with a rate: 0 (0.0%)  without: 6144
  packets paced: 3145728 (12444.0 MB), gap set by:
    the message's cap:      0 (0.0%), 0.0 MB
    cc rate (cap slack):    0 (0.0%)
    cc rate (no cap):       3141628 (99.9%)
    cc rate (message tail): 4100 (0.1%)
  bytes shaped by the XML rate: 0.0 of 12444.0 MB (0.0%)
Ack requests (AckReq) over 3145728 data packets: 6144 closing a message, 351495 filling the window (11.17% of packets)
alltoall algorithm bandwidth: 37.3444 GB/s
Algorithm XML: honoring 10 network dependence(s) over 18 send step(s).
Skipping correctness check.
Done simulation
