Participants: 4 of 8 GPUs carry data (schedule mini_2g1n_2B_a2a_no_rate.xml)
Topology: mini_2g1n (8 GPUs, 4 switches, 4 host switches)
NIC selection: merged NIC (one qp per NIC, message split across them)
Network flow ids: off (no header on the wire, plain ECMP)
Network deps (netdepid/netdeps): skipped
Algorithm XML: /data/commit/graphit/wangyj05/workspace/ns-3-alibabacloud/simulation/build/scratch/../../scratch/xml_input/mini_2g1n_2B_a2a_no_rate.xml
Switch queue trace: (rows off)
Switch peak-queue summary: /data/commit/graphit/wangyj05/workspace/ns-3-alibabacloud/simulation/build/scratch/../../scratch/logs/switch_qlen_max_sweep_mini_2gpu_1nic_2B_ack_baseline+sync_64MB.csv
Switch drop/PFC trace: /data/commit/graphit/wangyj05/workspace/ns-3-alibabacloud/simulation/build/scratch/../../scratch/logs/switch_events_sweep_mini_2gpu_1nic_2B_ack_baseline+sync_64MB.csv
Total simulated time: 28916100 nanoseconds
Simulator end (last event of any kind): 28918912 nanoseconds
Switch port utilization: /data/commit/graphit/wangyj05/workspace/ns-3-alibabacloud/simulation/build/scratch/../../scratch/logs/switch_port_util_sweep_mini_2gpu_1nic_2B_ack_baseline+sync_64MB.csv
Fabric end (last switch data dequeue): 28914204 ns
Switch-to-switch data bytes over 8 ports: min 67960832 / mean 101941248 / max 135921664 (max/mean 1.33333)
Busiest switch port: sw 8 port 1 -> node 13, 21747466 ns of data at line rate (75.2138% of fabric end)
Pacing diagnostic (MSCCL XML "rate" -> host shaper)
  messages posted: 384  with a rate: 0 (0.0%)  without: 384
  packets paced: 196608 (777.8 MB), gap set by:
    the message's cap:      0 (0.0%), 0.0 MB
    cc rate (cap slack):    0 (0.0%)
    cc rate (no cap):       196348 (99.9%)
    cc rate (message tail): 260 (0.1%)
  bytes shaped by the XML rate: 0.0 of 777.8 MB (0.0%)
Ack requests (AckReq) over 196608 data packets: 384 closing a message, 21975 filling the window (11.18% of packets)
alltoall algorithm bandwidth: 37.133 GB/s
Algorithm XML: honoring 10 network dependence(s) over 18 send step(s).
Skipping correctness check.
Done simulation
