Participants: 4 of 8 GPUs carry data, 2 relay only (schedule mini_2g1n_2B_a2a_milp_no_rate.xml)
Per-NIC bandwidth trace: /data/commit/graphit/wangyj05/workspace/ns-3-alibabacloud/simulation/build/scratch/../../scratch/logs/host_nic_bw_sweep_mini_2gpu_1nic_2B_ack_milp_4GB.csv (every 5000000 ns, 8 NICs)
Topology: mini_2g1n (8 GPUs, 4 switches, 4 host switches)
NIC selection: merged NIC (one qp per NIC, message split across them)
Network flow ids: off (no header on the wire, plain ECMP)
Network deps (netdepid/netdeps): skipped
Algorithm XML: /data/commit/graphit/wangyj05/workspace/ns-3-alibabacloud/simulation/build/scratch/../../scratch/xml_input/mini_2g1n_2B_a2a_milp_no_rate.xml
Switch queue trace: (rows off)
Switch peak-queue summary: /data/commit/graphit/wangyj05/workspace/ns-3-alibabacloud/simulation/build/scratch/../../scratch/logs/switch_qlen_max_sweep_mini_2gpu_1nic_2B_ack_milp_4GB.csv
Switch drop/PFC trace: /data/commit/graphit/wangyj05/workspace/ns-3-alibabacloud/simulation/build/scratch/../../scratch/logs/switch_events_sweep_mini_2gpu_1nic_2B_ack_milp_4GB.csv
Total simulated time: 2104872421 nanoseconds
Simulator end (last event of any kind): 2105000000 nanoseconds
Switch port utilization: /data/commit/graphit/wangyj05/workspace/ns-3-alibabacloud/simulation/build/scratch/../../scratch/logs/switch_port_util_sweep_mini_2gpu_1nic_2B_ack_milp_4GB.csv
Fabric end (last switch data dequeue): 2104870525 ns
Switch-to-switch data bytes over 8 ports: min 0 / mean 6524239872 / max 13048479744 (max/mean 2)
Busiest switch port: sw 9 port 2 -> node 10, 2087756759 ns of data at line rate (99.1869% of fabric end)
Pacing diagnostic (MSCCL XML "rate" -> host shaper)
  messages posted: 36864  with a rate: 0 (0.0%)  without: 36864
  packets paced: 18874368 (74664.0 MB), gap set by:
    the message's cap:      0 (0.0%), 0.0 MB
    cc rate (cap slack):    0 (0.0%)
    cc rate (no cap):       18867242 (100.0%)
    cc rate (message tail): 7126 (0.0%)
  bytes shaped by the XML rate: 0.0 of 74664.0 MB (0.0%)
alltoall algorithm bandwidth: 32.6478 GB/s
MSCCL: 4 data GPUs, plus 2 relay GPU(s) carrying threadblocks but no input chunks (1, 4). Relays run their steps but hold no slice of the collective, so they are excluded from participant ranks.
Algorithm XML: honoring 3 network dependence(s) over 18 send step(s).
Skipping correctness check.
Done simulation
