Per-NIC bandwidth trace: /data/commit/graphit/wangyj05/workspace/ns-3-alibabacloud/simulation/build/scratch/../../scratch/logs/host_nic_bw_sweep_mini_1gpu_1nic_ack_noRate_512MB.csv (every 500000 ns, 4 NICs)
Topology: mini_1g1n (4 GPUs, 4 switches, 0 host switches)
NIC selection: schedule-pinned (one qp per connection)
Network flow ids: on (custom headers + per-flow switch forwarding)
Network deps (netdepid/netdeps): honored
Algorithm XML: /data/commit/graphit/wangyj05/workspace/ns-3-alibabacloud/simulation/build/scratch/../../scratch/xml_input/mini_1g1n_a2a_no_rate.xml
Switch queue trace: (rows off)
Switch peak-queue summary: /data/commit/graphit/wangyj05/workspace/ns-3-alibabacloud/simulation/build/scratch/../../scratch/logs/switch_qlen_max_sweep_mini_1gpu_1nic_ack_noRate_512MB.csv
Switch drop/PFC trace: /data/commit/graphit/wangyj05/workspace/ns-3-alibabacloud/simulation/build/scratch/../../scratch/logs/switch_events_sweep_mini_1gpu_1nic_ack_noRate_512MB.csv
Total simulated time: 174662338 nanoseconds
Simulator end (last event of any kind): 175000000 nanoseconds
Switch port utilization: /data/commit/graphit/wangyj05/workspace/ns-3-alibabacloud/simulation/build/scratch/../../scratch/logs/switch_port_util_sweep_mini_1gpu_1nic_ack_noRate_512MB.csv
Fabric end (last switch data dequeue): 174661306 ns
Switch-to-switch data bytes over 8 ports: min 1088421888 / mean 1088421888 / max 1088421888 (max/mean 1)
Busiest switch port: sw 4 port 2 -> node 6, 174147502 ns of data at line rate (99.7058% of fabric end)
Flow-forwarding rule coverage: 3670016 hit / 0 miss (100% of flow-id packets steered by the schedule)
Pacing diagnostic (MSCCL XML "rate" -> host shaper)
  messages posted: 3072  with a rate: 0 (0.0%)  without: 3072
  packets paced: 1572864 (6228.0 MB), gap set by:
    the message's cap:      0 (0.0%), 0.0 MB
    cc rate (cap slack):    0 (0.0%)
    cc rate (no cap):       1572541 (100.0%)
    cc rate (message tail): 323 (0.0%)
  bytes shaped by the XML rate: 0.0 of 6228.0 MB (0.0%)
Ack requests (AckReq) over 1572864 data packets: 3072 closing a message, 153265 filling the window (9.74% of packets)
alltoall algorithm bandwidth: 49.1802 GB/s
Algorithm XML: honoring 8 network dependence(s) over 20 send step(s).
Switch JSON: pinned the scheduled egress NIC on 20 RDMA connection(s); 0 left unpinned due to conflicting plane assignments.
Skipping correctness check.
Done simulation
