Participants: 6 of 8 GPUs carry data (schedule mini_2g1n_2C_a2a_p2p_no_rate.xml)
Topology: mini_2g1n (8 GPUs, 4 switches, 4 host switches)
NIC selection: merged NIC (one qp per NIC, message split across them)
Network flow ids: off (no header on the wire, plain ECMP)
Network deps (netdepid/netdeps): skipped
Algorithm XML: /data/commit/graphit/wangyj05/workspace/ns-3-alibabacloud/simulation/build/scratch/../../scratch/xml_input/mini_2g1n_2C_a2a_p2p_no_rate.xml
Switch queue trace: /data/commit/graphit/wangyj05/workspace/ns-3-alibabacloud/simulation/build/scratch/../../scratch/logs/switch_qlen_sweep_mini_2gpu_1nic_2C_ack_p2p_16KB.csv
Switch peak-queue summary: /data/commit/graphit/wangyj05/workspace/ns-3-alibabacloud/simulation/build/scratch/../../scratch/logs/switch_qlen_max_sweep_mini_2gpu_1nic_2C_ack_p2p_16KB.csv
Switch drop/PFC trace: /data/commit/graphit/wangyj05/workspace/ns-3-alibabacloud/simulation/build/scratch/../../scratch/logs/switch_events_sweep_mini_2gpu_1nic_2C_ack_p2p_16KB.csv
Total simulated time: 20108 nanoseconds
Simulator end (last event of any kind): 24338 nanoseconds
Switch port utilization: /data/commit/graphit/wangyj05/workspace/ns-3-alibabacloud/simulation/build/scratch/../../scratch/logs/switch_port_util_sweep_mini_2gpu_1nic_2C_ack_p2p_16KB.csv
Fabric end (last switch data dequeue): 18212 ns
Switch-to-switch data bytes over 8 ports: min 66368 / mean 74664 / max 82960 (max/mean 1.11111)
Busiest switch port: sw 8 port 2 -> node 10, 13273 ns of data at line rate (72.8838% of fabric end)
Pacing diagnostic (MSCCL XML "rate" -> host shaper)
  messages posted: 30  with a rate: 0 (0.0%)  without: 30
  packets paced: 120 (0.5 MB), gap set by:
    the message's cap:      0 (0.0%), 0.0 MB
    cc rate (cap slack):    0 (0.0%)
    cc rate (no cap):       90 (75.0%)
    cc rate (message tail): 30 (25.0%)
  bytes shaped by the XML rate: 0.0 of 0.5 MB (0.0%)
Ack requests (AckReq) over 120 data packets: 30 closing a message, 0 filling the window (0.00% of packets)
alltoall algorithm bandwidth: 29.3328 GB/s
Algorithm XML: honoring 0 network dependence(s) over 30 send step(s). NOTE: no netdepid/netdeps found -- every send is released as soon as its data dependences allow, so a time-indexed schedule will not be paced as solved.
Skipping correctness check.
Done simulation
