Participants: 6 of 8 GPUs carry data (schedule mini_2g1n_2C_a2a_no_rate.xml)
Topology: mini_2g1n (8 GPUs, 4 switches, 4 host switches)
NIC selection: merged NIC (one qp per NIC, message split across them)
Network flow ids: off (no header on the wire, plain ECMP)
Network deps (netdepid/netdeps): skipped
Remote deps (remotedep/remotenotify): skipped
Algorithm XML: /data/commit/graphit/wangyj05/workspace/ns-3-alibabacloud/simulation/build/scratch/../../scratch/xml_input/mini_2g1n_2C_a2a_no_rate.xml
Switch queue trace: /data/commit/graphit/wangyj05/workspace/ns-3-alibabacloud/simulation/build/scratch/../../scratch/logs/switch_qlen_sweep_mini_2gpu_1nic_2C_ack_baseline_1MB.csv
Switch peak-queue summary: /data/commit/graphit/wangyj05/workspace/ns-3-alibabacloud/simulation/build/scratch/../../scratch/logs/switch_qlen_max_sweep_mini_2gpu_1nic_2C_ack_baseline_1MB.csv
Switch drop/PFC trace: /data/commit/graphit/wangyj05/workspace/ns-3-alibabacloud/simulation/build/scratch/../../scratch/logs/switch_events_sweep_mini_2gpu_1nic_2C_ack_baseline_1MB.csv
Total simulated time: 1110707 nanoseconds
Simulator end (last event of any kind): 1114937 nanoseconds
Switch port utilization: /data/commit/graphit/wangyj05/workspace/ns-3-alibabacloud/simulation/build/scratch/../../scratch/logs/switch_port_util_sweep_mini_2gpu_1nic_2C_ack_baseline_1MB.csv
Fabric end (last switch data dequeue): 1108811 ns
Switch-to-switch data bytes over 8 ports: min 2654720 / mean 4778496 / max 6902272 (max/mean 1.44444)
Busiest switch port: sw 9 port 2 -> node 10, 1104363 ns of data at line rate (99.5989% of fabric end)
Pacing diagnostic (MSCCL XML "rate" -> host shaper)
  messages posted: 48  with a rate: 0 (0.0%)  without: 48
  packets paced: 7680 (30.4 MB), gap set by:
    the message's cap:      0 (0.0%), 0.0 MB
    cc rate (cap slack):    0 (0.0%)
    cc rate (no cap):       7632 (99.4%)
    cc rate (message tail): 48 (0.6%)
  bytes shaped by the XML rate: 0.0 of 30.4 MB (0.0%)
Ack requests (AckReq) over 7680 data packets: 48 closing a message, 779 filling the window (10.14% of packets)
alltoall algorithm bandwidth: 33.9862 GB/s
Algorithm XML: honoring 24 network dependence(s) and 14 epoch-pacing depid(s) over 48 send step(s); 4 remote gate(s) fed by 2 remote notification(s) (enforced only with HonorRemoteDeps).
Skipping correctness check.
Done simulation
