Participants: 6 of 8 GPUs carry data (schedule mini_2g1n_2C_a2a_no_rate.xml)
Topology: mini_2g1n (8 GPUs, 4 switches, 4 host switches)
NIC selection: merged NIC (one qp per NIC, message split across them)
Network flow ids: off (no header on the wire, plain ECMP)
Network deps (netdepid/netdeps): skipped
Remote deps (remotedep/remotenotify): skipped
Algorithm XML: /data/commit/graphit/wangyj05/workspace/ns-3-alibabacloud/simulation/build/scratch/../../scratch/xml_input/mini_2g1n_2C_a2a_no_rate.xml
Switch queue trace: (rows off)
Switch peak-queue summary: /data/commit/graphit/wangyj05/workspace/ns-3-alibabacloud/simulation/build/scratch/../../scratch/logs/switch_qlen_max_sweep_mini_2gpu_1nic_2C_ack_baseline_1GB.csv
Switch drop/PFC trace: /data/commit/graphit/wangyj05/workspace/ns-3-alibabacloud/simulation/build/scratch/../../scratch/logs/switch_events_sweep_mini_2gpu_1nic_2C_ack_baseline_1GB.csv
Total simulated time: 1132627292 nanoseconds
Simulator end (last event of any kind): 1132631522 nanoseconds
Switch port utilization: /data/commit/graphit/wangyj05/workspace/ns-3-alibabacloud/simulation/build/scratch/../../scratch/logs/switch_port_util_sweep_mini_2gpu_1nic_2C_ack_baseline_1GB.csv
Fabric end (last switch data dequeue): 1132625396 ns
Switch-to-switch data bytes over 8 ports: min 2718433280 / mean 4893179904 / max 7067926528 (max/mean 1.44444)
Busiest switch port: sw 9 port 2 -> node 10, 1130868244 ns of data at line rate (99.8449% of fabric end)
Pacing diagnostic (MSCCL XML "rate" -> host shaper)
  messages posted: 15360  with a rate: 0 (0.0%)  without: 15360
  packets paced: 7864320 (31110.0 MB), gap set by:
    the message's cap:      0 (0.0%), 0.0 MB
    cc rate (cap slack):    0 (0.0%)
    cc rate (no cap):       7864272 (100.0%)
    cc rate (message tail): 48 (0.0%)
  bytes shaped by the XML rate: 0.0 of 31110.0 MB (0.0%)
Ack requests (AckReq) over 7864320 data packets: 15360 closing a message, 1449033 filling the window (18.43% of packets)
alltoall algorithm bandwidth: 34.1284 GB/s
Algorithm XML: honoring 24 network dependence(s) and 14 epoch-pacing depid(s) over 48 send step(s); 4 remote gate(s) fed by 2 remote notification(s) (enforced only with HonorRemoteDeps).
Skipping correctness check.
Done simulation
