Participants: 6 of 8 GPUs carry data (schedule mini_2g1n_2C_a2a_no_rate.xml)
Topology: mini_2g1n (8 GPUs, 4 switches, 4 host switches)
NIC selection: merged NIC (one qp per NIC, message split across them)
Network flow ids: off (no header on the wire, plain ECMP)
Network deps (netdepid/netdeps): skipped
Remote deps (remotedep/remotenotify): skipped
Algorithm XML: /data/commit/graphit/wangyj05/workspace/ns-3-alibabacloud/simulation/build/scratch/../../scratch/xml_input/mini_2g1n_2C_a2a_no_rate.xml
Switch queue trace: (rows off)
Switch peak-queue summary: /data/commit/graphit/wangyj05/workspace/ns-3-alibabacloud/simulation/build/scratch/../../scratch/logs/switch_qlen_max_sweep_mini_2gpu_1nic_2C_ack_baseline+sync_4GB.csv
Switch drop/PFC trace: /data/commit/graphit/wangyj05/workspace/ns-3-alibabacloud/simulation/build/scratch/../../scratch/logs/switch_events_sweep_mini_2gpu_1nic_2C_ack_baseline+sync_4GB.csv
Total simulated time: 4525571807 nanoseconds
Simulator end (last event of any kind): 4525576037 nanoseconds
Switch port utilization: /data/commit/graphit/wangyj05/workspace/ns-3-alibabacloud/simulation/build/scratch/../../scratch/logs/switch_port_util_sweep_mini_2gpu_1nic_2C_ack_baseline+sync_4GB.csv
Fabric end (last switch data dequeue): 4525569911 ns
Switch-to-switch data bytes over 8 ports: min 10873733120 / mean 19572719616 / max 28271706112 (max/mean 1.44444)
Busiest switch port: sw 9 port 2 -> node 10, 4523472977 ns of data at line rate (99.9537% of fabric end)
Pacing diagnostic (MSCCL XML "rate" -> host shaper)
  messages posted: 61440  with a rate: 0 (0.0%)  without: 61440
  packets paced: 31457280 (124440.0 MB), gap set by:
    the message's cap:      0 (0.0%), 0.0 MB
    cc rate (cap slack):    0 (0.0%)
    cc rate (no cap):       31417353 (99.9%)
    cc rate (message tail): 39927 (0.1%)
  bytes shaped by the XML rate: 0.0 of 124440.0 MB (0.0%)
Ack requests (AckReq) over 31457280 data packets: 61440 closing a message, 4190000 filling the window (13.32% of packets)
alltoall algorithm bandwidth: 34.1656 GB/s
Algorithm XML: honoring 24 network dependence(s) and 14 epoch-pacing depid(s) over 48 send step(s); 4 remote gate(s) fed by 2 remote notification(s) (enforced only with HonorRemoteDeps).
Skipping correctness check.
Done simulation
