Participants: 6 of 8 GPUs carry data (schedule mini_2g1n_2C_a2a_no_rate.xml)
Per-NIC bandwidth trace: /data/commit/graphit/wangyj05/workspace/ns-3-alibabacloud/simulation/build/scratch/../../scratch/logs/host_nic_bw_sweep_mini_2gpu_1nic_2C_ack_baseline_256MB.csv (every 200000 ns, 8 NICs)
Topology: mini_2g1n (8 GPUs, 4 switches, 4 host switches)
NIC selection: merged NIC (one qp per NIC, message split across them)
Network flow ids: off (no header on the wire, plain ECMP)
Network deps (netdepid/netdeps): skipped
Algorithm XML: /data/commit/graphit/wangyj05/workspace/ns-3-alibabacloud/simulation/build/scratch/../../scratch/xml_input/mini_2g1n_2C_a2a_no_rate.xml
Switch queue trace: (rows off)
Switch peak-queue summary: /data/commit/graphit/wangyj05/workspace/ns-3-alibabacloud/simulation/build/scratch/../../scratch/logs/switch_qlen_max_sweep_mini_2gpu_1nic_2C_ack_baseline_256MB.csv
Switch drop/PFC trace: /data/commit/graphit/wangyj05/workspace/ns-3-alibabacloud/simulation/build/scratch/../../scratch/logs/switch_events_sweep_mini_2gpu_1nic_2C_ack_baseline_256MB.csv
Total simulated time: 296491256 nanoseconds
Simulator end (last event of any kind): 296600000 nanoseconds
Switch port utilization: /data/commit/graphit/wangyj05/workspace/ns-3-alibabacloud/simulation/build/scratch/../../scratch/logs/switch_port_util_sweep_mini_2gpu_1nic_2C_ack_baseline_256MB.csv
Fabric end (last switch data dequeue): 296489360 ns
Switch-to-switch data bytes over 8 ports: min 611647488 / mean 1223294976 / max 1834942464 (max/mean 1.5)
Busiest switch port: sw 9 port 2 -> node 10, 293590794 ns of data at line rate (99.0224% of fabric end)
Pacing diagnostic (MSCCL XML "rate" -> host shaper)
  messages posted: 3840  with a rate: 0 (0.0%)  without: 3840
  packets paced: 1966080 (7777.5 MB), gap set by:
    the message's cap:      0 (0.0%), 0.0 MB
    cc rate (cap slack):    0 (0.0%)
    cc rate (no cap):       1965906 (100.0%)
    cc rate (message tail): 174 (0.0%)
  bytes shaped by the XML rate: 0.0 of 7777.5 MB (0.0%)
alltoall algorithm bandwidth: 32.5935 GB/s
Algorithm XML: honoring 37 network dependence(s) over 70 send step(s).
Skipping correctness check.
Done simulation
