Participants: 6 of 8 GPUs carry data (schedule mini_2g1n_2C_a2a_no_rate.xml)
Per-NIC bandwidth trace: /data/commit/graphit/wangyj05/workspace/ns-3-alibabacloud/simulation/build/scratch/../../scratch/logs/host_nic_bw_sweep_mini_2gpu_1nic_2C_ack_baseline_64KB.csv (every 100 ns, 8 NICs)
Topology: mini_2g1n (8 GPUs, 4 switches, 4 host switches)
NIC selection: merged NIC (one qp per NIC, message split across them)
Network flow ids: off (no header on the wire, plain ECMP)
Network deps (netdepid/netdeps): skipped
Algorithm XML: /data/commit/graphit/wangyj05/workspace/ns-3-alibabacloud/simulation/build/scratch/../../scratch/xml_input/mini_2g1n_2C_a2a_no_rate.xml
Switch queue trace: /data/commit/graphit/wangyj05/workspace/ns-3-alibabacloud/simulation/build/scratch/../../scratch/logs/switch_qlen_sweep_mini_2gpu_1nic_2C_ack_baseline_64KB.csv
Switch peak-queue summary: /data/commit/graphit/wangyj05/workspace/ns-3-alibabacloud/simulation/build/scratch/../../scratch/logs/switch_qlen_max_sweep_mini_2gpu_1nic_2C_ack_baseline_64KB.csv
Switch drop/PFC trace: /data/commit/graphit/wangyj05/workspace/ns-3-alibabacloud/simulation/build/scratch/../../scratch/logs/switch_events_sweep_mini_2gpu_1nic_2C_ack_baseline_64KB.csv
Total simulated time: 91326 nanoseconds
Simulator end (last event of any kind): 95600 nanoseconds
Switch port utilization: /data/commit/graphit/wangyj05/workspace/ns-3-alibabacloud/simulation/build/scratch/../../scratch/logs/switch_port_util_sweep_mini_2gpu_1nic_2C_ack_baseline_64KB.csv
Fabric end (last switch data dequeue): 89430 ns
Switch-to-switch data bytes over 8 ports: min 149328 / mean 298656 / max 447984 (max/mean 1.5)
Busiest switch port: sw 9 port 2 -> node 10, 71677 ns of data at line rate (80.1492% of fabric end)
Pacing diagnostic (MSCCL XML "rate" -> host shaper)
  messages posted: 70  with a rate: 0 (0.0%)  without: 70
  packets paced: 480 (1.9 MB), gap set by:
    the message's cap:      0 (0.0%), 0.0 MB
    cc rate (cap slack):    0 (0.0%)
    cc rate (no cap):       430 (89.6%)
    cc rate (message tail): 50 (10.4%)
  bytes shaped by the XML rate: 0.0 of 1.9 MB (0.0%)
alltoall algorithm bandwidth: 25.8338 GB/s
Algorithm XML: honoring 37 network dependence(s) over 70 send step(s).
Skipping correctness check.
Done simulation
