Participants: 6 of 8 GPUs carry data (schedule mini_2g1n_2C_a2a.xml)
Per-NIC bandwidth trace: /data/commit/graphit/wangyj05/workspace/ns-3-alibabacloud/simulation/build/scratch/../../scratch/logs/host_nic_bw_sweep_mini_2gpu_1nic_2C_ack_rate_1MB.csv (every 1000 ns, 8 NICs)
Topology: mini_2g1n (8 GPUs, 4 switches, 4 host switches)
NIC selection: merged NIC (one qp per NIC, message split across them)
Network flow ids: off (no header on the wire, plain ECMP)
Network deps (netdepid/netdeps): skipped
Algorithm XML: /data/commit/graphit/wangyj05/workspace/ns-3-alibabacloud/simulation/build/scratch/../../scratch/xml_input/mini_2g1n_2C_a2a.xml
Switch queue trace: /data/commit/graphit/wangyj05/workspace/ns-3-alibabacloud/simulation/build/scratch/../../scratch/logs/switch_qlen_sweep_mini_2gpu_1nic_2C_ack_rate_1MB.csv
Switch peak-queue summary: /data/commit/graphit/wangyj05/workspace/ns-3-alibabacloud/simulation/build/scratch/../../scratch/logs/switch_qlen_max_sweep_mini_2gpu_1nic_2C_ack_rate_1MB.csv
Switch drop/PFC trace: /data/commit/graphit/wangyj05/workspace/ns-3-alibabacloud/simulation/build/scratch/../../scratch/logs/switch_events_sweep_mini_2gpu_1nic_2C_ack_rate_1MB.csv
Total simulated time: 1309254 nanoseconds
Simulator end (last event of any kind): 1314000 nanoseconds
Switch port utilization: /data/commit/graphit/wangyj05/workspace/ns-3-alibabacloud/simulation/build/scratch/../../scratch/logs/switch_port_util_sweep_mini_2gpu_1nic_2C_ack_rate_1MB.csv
Fabric end (last switch data dequeue): 1307358 ns
Switch-to-switch data bytes over 8 ports: min 2389248 / mean 4778496 / max 7167744 (max/mean 1.5)
Busiest switch port: sw 9 port 2 -> node 10, 1146839 ns of data at line rate (87.7219% of fabric end)
Pacing diagnostic (MSCCL XML "rate" -> host shaper)
  messages posted: 70  with a rate: 70 (100.0%)  without: 0
    of those, one MTU or less (shaped only by the gap after): 0 (0.0%)
    requested rate, byte-weighted mean: 42.9 Gbps over 30.0 MB
  packets paced: 7680 (30.4 MB), gap set by:
    the message's cap:      7680 (100.0%), 30.4 MB, applied cap 42.9 Gbps
    cc rate (cap slack):    0 (0.0%)
    cc rate (no cap):       0 (0.0%)
    cc rate (message tail): 0 (0.0%)
  bytes shaped by the XML rate: 30.4 of 30.4 MB (100.0%)
alltoall algorithm bandwidth: 28.8322 GB/s
Algorithm XML: honoring 37 network dependence(s) over 70 send step(s).
Skipping correctness check.
Done simulation
