Participants: 6 of 8 GPUs carry data (schedule mini_2g1n_2C_a2a_no_rate.xml)
Topology: mini_2g1n (8 GPUs, 4 switches, 4 host switches)
NIC selection: schedule-pinned (one qp per connection)
Network flow ids: on (custom headers + per-flow switch forwarding)
Network deps (netdepid/netdeps): skipped
Remote deps (remotedep/remotenotify): skipped
Algorithm XML: /data/commit/graphit/wangyj05/workspace/ns-3-alibabacloud/simulation/build/scratch/../../scratch/xml_input/mini_2g1n_2C_a2a_no_rate.xml
Switch queue trace: (rows off)
Switch peak-queue summary: /data/commit/graphit/wangyj05/workspace/ns-3-alibabacloud/simulation/build/scratch/../../scratch/logs/switch_qlen_max_sweep_mini_2gpu_1nic_2C_ack_flowId+nic+sync_16MB.csv
Switch drop/PFC trace: /data/commit/graphit/wangyj05/workspace/ns-3-alibabacloud/simulation/build/scratch/../../scratch/logs/switch_events_sweep_mini_2gpu_1nic_2C_ack_flowId+nic+sync_16MB.csv
Total simulated time: 12275267 nanoseconds
Simulator end (last event of any kind): 12279497 nanoseconds
Switch port utilization: /data/commit/graphit/wangyj05/workspace/ns-3-alibabacloud/simulation/build/scratch/../../scratch/logs/switch_port_util_sweep_mini_2gpu_1nic_2C_ack_flowId+nic+sync_16MB.csv
Fabric end (last switch data dequeue): 12273369 ns
Switch-to-switch data bytes over 8 ports: min 76529664 / mean 76529664 / max 76529664 (max/mean 1)
Busiest switch port: sw 8 port 2 -> node 10, 12244746 ns of data at line rate (99.7668% of fabric end)
Flow-forwarding rule coverage: 253952 hit / 0 miss (100% of flow-id packets steered by the schedule)
Pacing diagnostic (MSCCL XML "rate" -> host shaper)
  messages posted: 240  with a rate: 0 (0.0%)  without: 240
  packets paced: 122880 (486.6 MB), gap set by:
    the message's cap:      0 (0.0%), 0.0 MB
    cc rate (cap slack):    0 (0.0%)
    cc rate (no cap):       122688 (99.8%)
    cc rate (message tail): 192 (0.2%)
  bytes shaped by the XML rate: 0.0 of 486.6 MB (0.0%)
Ack requests (AckReq) over 122880 data packets: 240 closing a message, 14812 filling the window (12.05% of packets)
alltoall algorithm bandwidth: 49.203 GB/s
Algorithm XML: honoring 24 network dependence(s) and 14 epoch-pacing depid(s) over 48 send step(s); 4 remote gate(s) fed by 2 remote notification(s) (enforced only with HonorRemoteDeps).
Switch JSON: switch 0, flow 0: port 0 reaches node 12, not the declared next_hop 0 (gpu, node 0). Forwarding follows the port; next_hop looks stale.
Switch JSON: switch 0, flow 10: port 0 reaches node 12, not the declared next_hop 0 (gpu, node 0). Forwarding follows the port; next_hop looks stale.
Switch JSON: switch 0, flow 11: port 1 reaches node 13, not the declared next_hop 3 (gpu, node 3). Forwarding follows the port; next_hop looks stale.
Switch JSON: switch 0, flow 12: port 1 reaches node 13, not the declared next_hop 3 (gpu, node 3). Forwarding follows the port; next_hop looks stale.
Switch JSON: switch 0, flow 16: port 0 reaches node 12, not the declared next_hop 0 (gpu, node 0). Forwarding follows the port; next_hop looks stale.
Switch JSON: switch 0, flow 17: port 0 reaches node 12, not the declared next_hop 0 (gpu, node 0). Forwarding follows the port; next_hop looks stale.
Switch JSON: switch 0, flow 18: port 1 reaches node 13, not the declared next_hop 2 (gpu, node 2). Forwarding follows the port; next_hop looks stale.
Switch JSON: switch 0, flow 2: port 1 reaches node 13, not the declared next_hop 2 (gpu, node 2). Forwarding follows the port; next_hop looks stale.
Switch JSON: switch 0, flow 22: port 0 reaches node 12, not the declared next_hop 0 (gpu, node 0). Forwarding follows the port; next_hop looks stale.
Switch JSON: switch 0, flow 23: port 0 reaches node 12, not the declared next_hop 0 (gpu, node 0). Forwarding follows the port; next_hop looks stale.
Switch JSON: switch 0, flow 24: port 1 reaches node 13, not the declared next_hop 3 (gpu, node 3). Forwarding follows the port; next_hop looks stale.
Switch JSON: switch 0, flow 28: port 1 reaches node 13, not the declared next_hop 3 (gpu, node 3). Forwarding follows the port; next_hop looks stale.
Switch JSON: switch 0, flow 29: port 1 reaches node 13, not the declared next_hop 3 (gpu, node 3). Forwarding follows the port; next_hop looks stale.
Switch JSON: switch 0, flow 3: port 1 reaches node 13, not the declared next_hop 2 (gpu, node 2). Forwarding follows the port; next_hop looks stale.
Switch JSON: switch 0, flow 32: port 0 reaches node 12, not the declared next_hop 0 (gpu, node 0). Forwarding follows the port; next_hop looks stale.
Switch JSON: switch 0, flow 33: port 0 reaches node 12, not the declared next_hop 0 (gpu, node 0). Forwarding follows the port; next_hop looks stale.
Switch JSON: switch 0, flow 36: port 1 reaches node 13, not the declared next_hop 3 (gpu, node 3). Forwarding follows the port; next_hop looks stale.
Switch JSON: switch 0, flow 37: port 1 reaches node 13, not the declared next_hop 3 (gpu, node 3). Forwarding follows the port; next_hop looks stale.
Switch JSON: switch 0, flow 40: port 1 reaches node 13, not the declared next_hop 2 (gpu, node 2). Forwarding follows the port; next_hop looks stale.
Switch JSON: switch 0, flow 41: port 1 reaches node 13, not the declared next_hop 2 (gpu, node 2). Forwarding follows the port; next_hop looks stale.
Switch JSON: switch 0, flow 44: port 1 reaches node 13, not the declared next_hop 2 (gpu, node 2). Forwarding follows the port; next_hop looks stale.
Switch JSON: switch 0, flow 45: port 1 reaches node 13, not the declared next_hop 2 (gpu, node 2). Forwarding follows the port; next_hop looks stale.
Switch JSON: switch 1, flow 13: port 0 reaches node 14, not the declared next_hop 5 (gpu, node 5). Forwarding follows the port; next_hop looks stale.
Switch JSON: switch 1, flow 14: port 1 reaches node 15, not the declared next_hop 6 (gpu, node 6). Forwarding follows the port; next_hop looks stale.
Switch JSON: switch 1, flow 15: port 1 reaches node 15, not the declared next_hop 6 (gpu, node 6). Forwarding follows the port; next_hop looks stale.
Switch JSON: switch 1, flow 19: port 0 reaches node 14, not the declared next_hop 4 (gpu, node 4). Forwarding follows the port; next_hop looks stale.
Switch JSON: switch 1, flow 20: port 1 reaches node 15, not the declared next_hop 6 (gpu, node 6). Forwarding follows the port; next_hop looks stale.
Switch JSON: switch 1, flow 21: port 1 reaches node 15, not the declared next_hop 6 (gpu, node 6). Forwarding follows the port; next_hop looks stale.
Switch JSON: switch 1, flow 25: port 0 reaches node 14, not the declared next_hop 4 (gpu, node 4). Forwarding follows the port; next_hop looks stale.
Switch JSON: switch 1, flow 26: port 0 reaches node 14, not the declared next_hop 4 (gpu, node 4). Forwarding follows the port; next_hop looks stale.
Switch JSON: switch 1, flow 27: port 1 reaches node 15, not the declared next_hop 6 (gpu, node 6). Forwarding follows the port; next_hop looks stale.
Switch JSON: switch 1, flow 30: port 0 reaches node 14, not the declared next_hop 5 (gpu, node 5). Forwarding follows the port; next_hop looks stale.
Switch JSON: switch 1, flow 31: port 0 reaches node 14, not the declared next_hop 5 (gpu, node 5). Forwarding follows the port; next_hop looks stale.
Switch JSON: switch 1, flow 34: port 1 reaches node 15, not the declared next_hop 6 (gpu, node 6). Forwarding follows the port; next_hop looks stale.
Switch JSON: switch 1, flow 35: port 1 reaches node 15, not the declared next_hop 6 (gpu, node 6). Forwarding follows the port; next_hop looks stale.
Switch JSON: switch 1, flow 38: port 0 reaches node 14, not the declared next_hop 5 (gpu, node 5). Forwarding follows the port; next_hop looks stale.
Switch JSON: switch 1, flow 39: port 0 reaches node 14, not the declared next_hop 5 (gpu, node 5). Forwarding follows the port; next_hop looks stale.
Switch JSON: switch 1, flow 42: port 0 reaches node 14, not the declared next_hop 5 (gpu, node 5). Forwarding follows the port; next_hop looks stale.
Switch JSON: switch 1, flow 43: port 0 reaches node 14, not the declared next_hop 5 (gpu, node 5). Forwarding follows the port; next_hop looks stale.
Switch JSON: switch 1, flow 46: port 0 reaches node 14, not the declared next_hop 4 (gpu, node 4). Forwarding follows the port; next_hop looks stale.
Switch JSON: switch 1, flow 47: port 0 reaches node 14, not the declared next_hop 4 (gpu, node 4). Forwarding follows the port; next_hop looks stale.
Switch JSON: switch 1, flow 5: port 0 reaches node 14, not the declared next_hop 4 (gpu, node 4). Forwarding follows the port; next_hop looks stale.
Switch JSON: switch 1, flow 6: port 0 reaches node 14, not the declared next_hop 4 (gpu, node 4). Forwarding follows the port; next_hop looks stale.
Switch JSON: switch 1, flow 9: port 1 reaches node 15, not the declared next_hop 6 (gpu, node 6). Forwarding follows the port; next_hop looks stale.
Switch JSON: pinned the scheduled egress NIC on 0 RDMA connection(s); 0 left unpinned due to conflicting plane assignments.
Skipping correctness check.
Done simulation
